Archive member included to satisfy reference by file (symbol)

C:/ST/STM32CubeIDE_1.15.0/STM32CubeIDE/plugins/com.st.stm32cube.ide.mcu.externaltools.gnu-tools-for-stm32.12.3.rel1.win32_1.0.100.202403111256/tools/bin/../lib/gcc/arm-none-eabi/12.3.1/../../../../arm-none-eabi/lib/thumb/v7-m/nofp\libc_nano.a(libc_a-exit.o)
                              C:/ST/STM32CubeIDE_1.15.0/STM32CubeIDE/plugins/com.st.stm32cube.ide.mcu.externaltools.gnu-tools-for-stm32.12.3.rel1.win32_1.0.100.202403111256/tools/bin/../lib/gcc/arm-none-eabi/12.3.1/../../../../arm-none-eabi/lib/thumb/v7-m/nofp/crt0.o (exit)
C:/ST/STM32CubeIDE_1.15.0/STM32CubeIDE/plugins/com.st.stm32cube.ide.mcu.externaltools.gnu-tools-for-stm32.12.3.rel1.win32_1.0.100.202403111256/tools/bin/../lib/gcc/arm-none-eabi/12.3.1/../../../../arm-none-eabi/lib/thumb/v7-m/nofp\libc_nano.a(libc_a-findfp.o)
                              C:/ST/STM32CubeIDE_1.15.0/STM32CubeIDE/plugins/com.st.stm32cube.ide.mcu.externaltools.gnu-tools-for-stm32.12.3.rel1.win32_1.0.100.202403111256/tools/bin/../lib/gcc/arm-none-eabi/12.3.1/../../../../arm-none-eabi/lib/thumb/v7-m/nofp\libc_nano.a(libc_a-exit.o) (__stdio_exit_handler)
C:/ST/STM32CubeIDE_1.15.0/STM32CubeIDE/plugins/com.st.stm32cube.ide.mcu.externaltools.gnu-tools-for-stm32.12.3.rel1.win32_1.0.100.202403111256/tools/bin/../lib/gcc/arm-none-eabi/12.3.1/../../../../arm-none-eabi/lib/thumb/v7-m/nofp\libc_nano.a(libc_a-fwalk.o)
                              C:/ST/STM32CubeIDE_1.15.0/STM32CubeIDE/plugins/com.st.stm32cube.ide.mcu.externaltools.gnu-tools-for-stm32.12.3.rel1.win32_1.0.100.202403111256/tools/bin/../lib/gcc/arm-none-eabi/12.3.1/../../../../arm-none-eabi/lib/thumb/v7-m/nofp\libc_nano.a(libc_a-findfp.o) (_fwalk_sglue)
C:/ST/STM32CubeIDE_1.15.0/STM32CubeIDE/plugins/com.st.stm32cube.ide.mcu.externaltools.gnu-tools-for-stm32.12.3.rel1.win32_1.0.100.202403111256/tools/bin/../lib/gcc/arm-none-eabi/12.3.1/../../../../arm-none-eabi/lib/thumb/v7-m/nofp\libc_nano.a(libc_a-stdio.o)
                              C:/ST/STM32CubeIDE_1.15.0/STM32CubeIDE/plugins/com.st.stm32cube.ide.mcu.externaltools.gnu-tools-for-stm32.12.3.rel1.win32_1.0.100.202403111256/tools/bin/../lib/gcc/arm-none-eabi/12.3.1/../../../../arm-none-eabi/lib/thumb/v7-m/nofp\libc_nano.a(libc_a-findfp.o) (__sread)
C:/ST/STM32CubeIDE_1.15.0/STM32CubeIDE/plugins/com.st.stm32cube.ide.mcu.externaltools.gnu-tools-for-stm32.12.3.rel1.win32_1.0.100.202403111256/tools/bin/../lib/gcc/arm-none-eabi/12.3.1/../../../../arm-none-eabi/lib/thumb/v7-m/nofp\libc_nano.a(libc_a-memset.o)
                              C:/ST/STM32CubeIDE_1.15.0/STM32CubeIDE/plugins/com.st.stm32cube.ide.mcu.externaltools.gnu-tools-for-stm32.12.3.rel1.win32_1.0.100.202403111256/tools/bin/../lib/gcc/arm-none-eabi/12.3.1/../../../../arm-none-eabi/lib/thumb/v7-m/nofp/crt0.o (memset)
C:/ST/STM32CubeIDE_1.15.0/STM32CubeIDE/plugins/com.st.stm32cube.ide.mcu.externaltools.gnu-tools-for-stm32.12.3.rel1.win32_1.0.100.202403111256/tools/bin/../lib/gcc/arm-none-eabi/12.3.1/../../../../arm-none-eabi/lib/thumb/v7-m/nofp\libc_nano.a(libc_a-closer.o)
                              C:/ST/STM32CubeIDE_1.15.0/STM32CubeIDE/plugins/com.st.stm32cube.ide.mcu.externaltools.gnu-tools-for-stm32.12.3.rel1.win32_1.0.100.202403111256/tools/bin/../lib/gcc/arm-none-eabi/12.3.1/../../../../arm-none-eabi/lib/thumb/v7-m/nofp\libc_nano.a(libc_a-stdio.o) (_close_r)
C:/ST/STM32CubeIDE_1.15.0/STM32CubeIDE/plugins/com.st.stm32cube.ide.mcu.externaltools.gnu-tools-for-stm32.12.3.rel1.win32_1.0.100.202403111256/tools/bin/../lib/gcc/arm-none-eabi/12.3.1/../../../../arm-none-eabi/lib/thumb/v7-m/nofp\libc_nano.a(libc_a-reent.o)
                              C:/ST/STM32CubeIDE_1.15.0/STM32CubeIDE/plugins/com.st.stm32cube.ide.mcu.externaltools.gnu-tools-for-stm32.12.3.rel1.win32_1.0.100.202403111256/tools/bin/../lib/gcc/arm-none-eabi/12.3.1/../../../../arm-none-eabi/lib/thumb/v7-m/nofp\libc_nano.a(libc_a-closer.o) (errno)
C:/ST/STM32CubeIDE_1.15.0/STM32CubeIDE/plugins/com.st.stm32cube.ide.mcu.externaltools.gnu-tools-for-stm32.12.3.rel1.win32_1.0.100.202403111256/tools/bin/../lib/gcc/arm-none-eabi/12.3.1/../../../../arm-none-eabi/lib/thumb/v7-m/nofp\libc_nano.a(libc_a-impure.o)
                              C:/ST/STM32CubeIDE_1.15.0/STM32CubeIDE/plugins/com.st.stm32cube.ide.mcu.externaltools.gnu-tools-for-stm32.12.3.rel1.win32_1.0.100.202403111256/tools/bin/../lib/gcc/arm-none-eabi/12.3.1/../../../../arm-none-eabi/lib/thumb/v7-m/nofp\libc_nano.a(libc_a-reent.o) (_impure_ptr)
C:/ST/STM32CubeIDE_1.15.0/STM32CubeIDE/plugins/com.st.stm32cube.ide.mcu.externaltools.gnu-tools-for-stm32.12.3.rel1.win32_1.0.100.202403111256/tools/bin/../lib/gcc/arm-none-eabi/12.3.1/../../../../arm-none-eabi/lib/thumb/v7-m/nofp\libc_nano.a(libc_a-lseekr.o)
[...]
Memory Configuration

Name             Origin             Length             Attributes
RAM              0x20000000         0x00005000         xrw
FLASH            0x08000000         0x00010000         xr
*default*        0x00000000         0xffffffff

Linker script and memory map

LOAD C:/ST/STM32CubeIDE_1.15.0/STM32CubeIDE/plugins/com.st.stm32cube.ide.mcu.externaltools.gnu-tools-for-stm32.12.3.rel1.win32_1.0.100.202403111256/tools/bin/../lib/gcc/arm-none-eabi/12.3.1/thumb/v7-m/nofp/crti.o
LOAD C:/ST/STM32CubeIDE_1.15.0/STM32CubeIDE/plugins/com.st.stm32cube.ide.mcu.externaltools.gnu-tools-for-stm32.12.3.rel1.win32_1.0.100.202403111256/tools/bin/../lib/gcc/arm-none-eabi/12.3.1/thumb/v7-m/nofp/crtbegin.o
LOAD C:/ST/STM32CubeIDE_1.15.0/STM32CubeIDE/plugins/com.st.stm32cube.ide.mcu.externaltools.gnu-tools-for-stm32.12.3.rel1.win32_1.0.100.202403111256/tools/bin/../lib/gcc/arm-none-eabi/12.3.1/../../../../arm-none-eabi/lib/thumb/v7-m/nofp/crt0.o
LOAD ./Core/Lib/Src/ds18b20.o
LOAD ./Core/Lib/Src/fonts.o
LOAD ./Core/Lib/Src/onewire.o
LOAD ./Core/Lib/Src/ssd1306.o
LOAD ./Core/Lib/Src/test.o
LOAD ./Core/Src/fnd_controller.o
LOAD ./Core/Src/heaterController.o
LOAD ./Core/Src/main.o
LOAD ./Core/Src/stm32f1xx_hal_msp.o
LOAD ./Core/Src/stm32f1xx_it.o
LOAD ./Core/Src/syscalls.o
LOAD ./Core/Src/sysmem.o
LOAD ./Core/Src/system_stm32f1xx.o
LOAD ./Core/Src/utils.o
LOAD ./Core/Startup/startup_stm32f103c8tx.o
LOAD ./Drivers/STM32F1xx_HAL_Driver/Src/stm32f1xx_hal.o
LOAD ./Drivers/STM32F1xx_HAL_Driver/Src/stm32f1xx_hal_cortex.o
LOAD ./Drivers/STM32F1xx_HAL_Driver/Src/stm32f1xx_hal_dma.o
LOAD ./Drivers/STM32F1xx_HAL_Driver/Src/stm32f1xx_hal_exti.o
LOAD ./Drivers/STM32F1xx_HAL_Driver/Src/stm32f1xx_hal_flash.o
LOAD ./Drivers/STM32F1xx_HAL_Driver/Src/stm32f1xx_hal_flash_ex.o
LOAD ./Drivers/STM32F1xx_HAL_Driver/Src/stm32f1xx_hal_gpio.o
LOAD ./Drivers/STM32F1xx_HAL_Driver/Src/stm32f1xx_hal_gpio_ex.o
LOAD ./Drivers/STM32F1xx_HAL_Driver/Src/stm32f1xx_hal_i2c.o
LOAD ./Drivers/STM32F1xx_HAL_Driver/Src/stm32f1xx_hal_pwr.o
LOAD ./Drivers/STM32F1xx_HAL_Driver/Src/stm32f1xx_hal_rcc.o
LOAD ./Drivers/STM32F1xx_HAL_Driver/Src/stm32f1xx_hal_rcc_ex.o
LOAD ./Drivers/STM32F1xx_HAL_Driver/Src/stm32f1xx_hal_spi.o
LOAD ./Drivers/STM32F1xx_HAL_Driver/Src/stm32f1xx_hal_tim.o
LOAD ./Drivers/STM32F1xx_HAL_Driver/Src/stm32f1xx_hal_tim_ex.o
LOAD ./Drivers/STM32F1xx_HAL_Driver/Src/stm32f1xx_hal_uart.o
START GROUP
LOAD C:/ST/STM32CubeIDE_1.15.0/STM32CubeIDE/plugins/com.st.stm32cube.ide.mcu.externaltools.gnu-tools-for-stm32.12.3.rel1.win32_1.0.100.202403111256/tools/bin/../lib/gcc/arm-none-eabi/12.3.1/../../../../arm-none-eabi/lib/thumb/v7-m/nofp\libc_nano.a
LOAD C:/ST/STM32CubeIDE_1.15.0/STM32CubeIDE/plugins/com.st.stm32cube.ide.mcu.externaltools.gnu-tools-for-stm32.12.3.rel1.win32_1.0.100.202403111256/tools/bin/../lib/gcc/arm-none-eabi/12.3.1/../../../../arm-none-eabi/lib/thumb/v7-m/nofp\libm.a
END GROUP
START GROUP
LOAD C:/ST/STM32CubeIDE_1.15.0/STM32CubeIDE/plugins/com.st.stm32cube.ide.mcu.externaltools.gnu-tools-for-stm32.12.3.rel1.win32_1.0.100.202403111256/tools/bin/../lib/gcc/arm-none-eabi/12.3.1/thumb/v7-m/nofp\libgcc.a
LOAD C:/ST/STM32CubeIDE_1.15.0/STM32CubeIDE/plugins/com.st.stm32cube.ide.mcu.externaltools.gnu-tools-for-stm32.12.3.rel1.win32_1.0.100.202403111256/tools/bin/../lib/gcc/arm-none-eabi/12.3.1/../../../../arm-none-eabi/lib/thumb/v7-m/nofp\libc_nano.a
END GROUP
START GROUP
LOAD C:/ST/STM32CubeIDE_1.15.0/STM32CubeIDE/plugins/com.st.stm32cube.ide.mcu.externaltools.gnu-tools-for-stm32.12.3.rel1.win32_1.0.100.202403111256/tools/bin/../lib/gcc/arm-none-eabi/12.3.1/thumb/v7-m/nofp\libgcc.a
LOAD C:/ST/STM32CubeIDE_1.15.0/STM32CubeIDE/plugins/com.st.stm32cube.ide.mcu.externaltools.gnu-tools-for-stm32.12.3.rel1.win32_1.0.100.202403111256/tools/bin/../lib/gcc/arm-none-eabi/12.3.1/../../../../arm-none-eabi/lib/thumb/v7-m/nofp\libc_nano.a
LOAD C:/ST/STM32CubeIDE_1.15.0/STM32CubeIDE/plugins/com.st.stm32cube.ide.mcu.externaltools.gnu-tools-for-stm32.12.3.rel1.win32_1.0.100.202403111256/tools/bin/../lib/gcc/arm-none-eabi/12.3.1/../../../../arm-none-eabi/lib/thumb/v7-m/nofp\libnosys.a
END GROUP
START GROUP
LOAD C:/ST/STM32CubeIDE_1.15.0/STM32CubeIDE/plugins/com.st.stm32cube.ide.mcu.externaltools.gnu-tools-for-stm32.12.3.rel1.win32_1.0.100.202403111256/tools/bin/../lib/gcc/arm-none-eabi/12.3.1/thumb/v7-m/nofp\libgcc.a
LOAD C:/ST/STM32CubeIDE_1.15.0/STM32CubeIDE/plugins/com.st.stm32cube.ide.mcu.externaltools.gnu-tools-for-stm32.12.3.rel1.win32_1.0.100.202403111256/tools/bin/../lib/gcc/arm-none-eabi/12.3.1/../../../../arm-none-eabi/lib/thumb/v7-m/nofp\libc_nano.a
LOAD C:/ST/STM32CubeIDE_1.15.0/STM32CubeIDE/plugins/com.st.stm32cube.ide.mcu.externaltools.gnu-tools-for-stm32.12.3.rel1.win32_1.0.100.202403111256/tools/bin/../lib/gcc/arm-none-eabi/12.3.1/../../../../arm-none-eabi/lib/thumb/v7-m/nofp\libnosys.a
END GROUP
LOAD C:/ST/STM32CubeIDE_1.15.0/STM32CubeIDE/plugins/com.st.stm32cube.ide.mcu.externaltools.gnu-tools-for-stm32.12.3.rel1.win32_1.0.100.202403111256/tools/bin/../lib/gcc/arm-none-eabi/12.3.1/thumb/v7-m/nofp/crtend.o
LOAD C:/ST/STM32CubeIDE_1.15.0/STM32CubeIDE/plugins/com.st.stm32cube.ide.mcu.externaltools.gnu-tools-for-stm32.12.3.rel1.win32_1.0.100.202403111256/tools/bin/../lib/gcc/arm-none-eabi/12.3.1/thumb/v7-m/nofp/crtn.o
                0x20005000                        _estack = (ORIGIN (RAM) + LENGTH (RAM))
                0x00000200                        _Min_Heap_Size = 0x200
                0x00000400                        _Min_Stack_Size = 0x400

.isr_vector     0x08000000      0x10c
                0x08000000                        . = ALIGN (0x4)
 *(.isr_vector)
 .isr_vector    0x08000000      0x10c ./Core/Startup/startup_stm32f103c8tx.o
                0x08000000                g_pfnVectors
                0x0800010c                        . = ALIGN (0x4)

.text           0x0800010c     0x4c48
                0x0800010c                        . = ALIGN (0x4)
 *(.text)
 .text          0x0800010c       0x40 C:/ST/STM32CubeIDE_1.15.0/STM32CubeIDE/plugins/com.st.stm32cube.ide.mcu.externaltools.gnu-tools-for-stm32.12.3.rel1.win32_1.0.100.202403111256/tools/bin/../lib/gcc/arm-none-eabi/12.3.1/thumb/v7-m/nofp/crtbegin.o
 .text          0x0800014c      0x168 C:/ST/STM32CubeIDE_1.15.0/STM32CubeIDE/plugins/com.st.stm32cube.ide.mcu.externaltools.gnu-tools-for-stm32.12.3.rel1.win32_1.0.100.202403111256/tools/bin/../lib/gcc/arm-none-eabi/12.3.1/thumb/v7-m/nofp\libgcc.a(_arm_mulsf3.o)
                0x0800014c                __aeabi_fmul
                0x0800014c                __mulsf3
 .text          0x080002b4      0x21c C:/ST/STM32CubeIDE_1.15.0/STM32CubeIDE/plugins/com.st.stm32cube.ide.mcu.externaltools.gnu-tools-for-stm32.12.3.rel1.win32_1.0.100.202403111256/tools/bin/../lib/gcc/arm-none-eabi/12.3.1/thumb/v7-m/nofp\libgcc.a(_arm_addsubsf3.o)
                0x080002b4                __aeabi_frsub
                0x080002bc                __subsf3
                0x080002bc                __aeabi_fsub
                0x080002c0                __aeabi_fadd
                0x080002c0                __addsf3
                0x08000420                __aeabi_ui2f
                0x08000420                __floatunsisf
                0x08000428                __aeabi_i2f
                0x08000428                __floatsisf
                0x08000444                __aeabi_ul2f
                0x08000444                __floatundisf
                0x08000454                __aeabi_l2f
                0x08000454                __floatdisf
 .text          0x080004d0       0xec C:/ST/STM32CubeIDE_1.15.0/STM32CubeIDE/plugins/com.st.stm32cube.ide.mcu.externaltools.gnu-tools-for-stm32.12.3.rel1.win32_1.0.100.202403111256/tools/bin/../lib/gcc/arm-none-eabi/12.3.1/thumb/v7-m/nofp\libgcc.a(_arm_cmpsf2.o)
                0x080004d0                __gesf2
                0x080004d0                __gtsf2
                0x080004d8                __lesf2
                0x080004d8                __ltsf2
                0x080004e0                __nesf2
                0x080004e0                __eqsf2
                0x080004e0                __cmpsf2
                0x08000540                __aeabi_cfrcmple
                0x08000548                __aeabi_cfcmpeq
                0x08000548                __aeabi_cfcmple
                0x08000558                __aeabi_fcmpeq
                0x0800056c                __aeabi_fcmplt
                0x08000580                __aeabi_fcmple
                0x08000594                __aeabi_fcmpge
                0x080005a8                __aeabi_fcmpgt
 .text          0x080005bc       0x4c C:/ST/STM32CubeIDE_1.15.0/STM32CubeIDE/plugins/com.st.stm32cube.ide.mcu.externaltools.gnu-tools-for-stm32.12.3.rel1.win32_1.0.100.202403111256/tools/bin/../lib/gcc/arm-none-eabi/12.3.1/thumb/v7-m/nofp\libgcc.a(_arm_fixsfsi.o)
                0x080005bc                __aeabi_f2iz
                0x080005bc                __fixsfsi
 *(.text*)
 .text.isTemperSensorInit
                0x08000608       0x14 ./Core/Lib/Src/ds18b20.o
                0x08000608                isTemperSensorInit
 .text.isBusy   0x0800061c        0xe ./Core/Lib/Src/ds18b20.o
                0x0800061c                isBusy
 *fill*         0x0800062a        0x2 
 .text.isConverting
                0x0800062c       0x14 ./Core/Lib/Src/ds18b20.o
                0x0800062c                isConverting
 .text.Ds18b20_Init_Simple
                0x08000640       0x88 ./Core/Lib/Src/ds18b20.o
                0x08000640                Ds18b20_Init_Simple
 .text.Ds18b20_Init
                0x080006c8      0x100 ./Core/Lib/Src/ds18b20.o
                0x080006c8                Ds18b20_Init
 .text.checkConverting
                0x080007c8       0x28 ./Core/Lib/Src/ds18b20.o
                0x080007c8                checkConverting
 .text.getTemper
                0x080007f0       0x30 ./Core/Lib/Src/ds18b20.o
                0x080007f0                getTemper
 .text.Ds18b20_ManualConvert
                0x08000820       0xe4 ./Core/Lib/Src/ds18b20.o
                0x08000820                Ds18b20_ManualConvert
 .text.StartConverting
                0x08000904       0x24 ./Core/Lib/Src/ds18b20.o
                0x08000904                StartConverting
 .text.DS18B20_StartAll
                0x08000928       0x26 ./Core/Lib/Src/ds18b20.o
                0x08000928                DS18B20_StartAll
 *fill*         0x0800094e        0x2 
 .text.DS18B20_Read
                0x08000950      0x1e4 ./Core/Lib/Src/ds18b20.o
                0x08000950                DS18B20_Read
 .text.DS18B20_SetResolution
                0x08000b34      0x110 ./Core/Lib/Src/ds18b20.o
                0x08000b34                DS18B20_SetResolution
 .text.DS18B20_Is
                0x08000c44       0x20 ./Core/Lib/Src/ds18b20.o
                0x08000c44                DS18B20_Is
 .text.DS18B20_DisableAlarmTemperature
                0x08000c64       0xb6 ./Core/Lib/Src/ds18b20.o
                0x08000c64                DS18B20_DisableAlarmTemperature
 .text.DS18B20_AllDone
                0x08000d1a       0x18 ./Core/Lib/Src/ds18b20.o
                0x08000d1a                DS18B20_AllDone
 *fill*         0x08000d32        0x2 
 .text.getCurrentTemper
                0x08000d34       0x14 ./Core/Lib/Src/ds18b20.o
                0x08000d34                getCurrentTemper
 .text.isBusyLine
                0x08000d48       0x14 ./Core/Lib/Src/onewire.o
                0x08000d48                isBusyLine
 .text.ONEWIRE_DELAY
                0x08000d5c       0x30 ./Core/Lib/Src/onewire.o
                0x08000d5c                ONEWIRE_DELAY
 .text.ONEWIRE_LOW
                0x08000d8c       0x20 ./Core/Lib/Src/onewire.o
                0x08000d8c                ONEWIRE_LOW
 .text.ONEWIRE_HIGH
                0x08000dac       0x1c ./Core/Lib/Src/onewire.o
                0x08000dac                ONEWIRE_HIGH
 .text.ONEWIRE_INPUT
                0x08000dc8       0x32 ./Core/Lib/Src/onewire.o
                0x08000dc8                ONEWIRE_INPUT
 .text.ONEWIRE_OUTPUT
                0x08000dfa       0x32 ./Core/Lib/Src/onewire.o
                0x08000dfa                ONEWIRE_OUTPUT
 .text.OneWire_Init
                0x08000e2c       0x68 ./Core/Lib/Src/onewire.o
                0x08000e2c                OneWire_Init
 .text.OneWire_Reset
                0x08000e94       0x64 ./Core/Lib/Src/onewire.o
                0x08000e94                OneWire_Reset
 .text.OneWire_WriteBit
                0x08000ef8       0xb8 ./Core/Lib/Src/onewire.o
                0x08000ef8                OneWire_WriteBit
 .text.OneWire_ReadBit
                0x08000fb0       0x84 ./Core/Lib/Src/onewire.o
                0x08000fb0                OneWire_ReadBit
 .text.OneWire_WriteByte
                0x08001034       0x3c ./Core/Lib/Src/onewire.o
                0x08001034                OneWire_WriteByte
 .text.OneWire_ReadByte
                0x08001070       0x42 ./Core/Lib/Src/onewire.o
                0x08001070                OneWire_ReadByte
 .text.OneWire_First
                0x080010b2       0x20 ./Core/Lib/Src/onewire.o
                0x080010b2                OneWire_First
 .text.OneWire_Next
                0x080010d2       0x1a ./Core/Lib/Src/onewire.o
                0x080010d2                OneWire_Next
 .text.OneWire_ResetSearch
                0x080010ec       0x24 ./Core/Lib/Src/onewire.o
                0x080010ec                OneWire_ResetSearch
 .text.OneWire_Search
                0x08001110      0x18c ./Core/Lib/Src/onewire.o
                0x08001110                OneWire_Search
 .text.OneWire_SelectWithPointer
                0x0800129c       0x3e ./Core/Lib/Src/onewire.o
                0x0800129c                OneWire_SelectWithPointer
 .text.OneWire_GetFullROM
                0x080012da       0x38 ./Core/Lib/Src/onewire.o
                0x080012da                OneWire_GetFullROM
 .text.OneWire_CRC8
                0x08001312       0x6e ./Core/Lib/Src/onewire.o
                0x08001312                OneWire_CRC8
 .text.SSD1306_Init
                0x08001380      0x188 ./Core/Lib/Src/ssd1306.o
                0x08001380                SSD1306_Init
 .text.SSD1306_UpdateScreen
                0x08001508       0x5c ./Core/Lib/Src/ssd1306.o
                0x08001508                SSD1306_UpdateScreen
 .text.SSD1306_Fill
                0x08001564       0x30 ./Core/Lib/Src/ssd1306.o
                0x08001564                SSD1306_Fill
 .text.ssd1306_I2C_Init
                0x08001594       0x28 ./Core/Lib/Src/ssd1306.o
                0x08001594                ssd1306_I2C_Init
 .text.ssd1306_I2C_WriteMulti
                0x080015bc       0xcc ./Core/Lib/Src/ssd1306.o
                0x080015bc                ssd1306_I2C_WriteMulti
 .text.ssd1306_I2C_Write
                0x08001688       0x3c ./Core/Lib/Src/ssd1306.o
                0x08001688                ssd1306_I2C_Write
 .text.init_fnd
                0x080016c4       0xd0 ./Core/Src/fnd_controller.o
                0x080016c4                init_fnd
 .text.send     0x08001794       0x24 ./Core/Src/fnd_controller.o
                0x08001794                send
 .text.send_port
                0x080017b8       0x44 ./Core/Src/fnd_controller.o
                0x080017b8                send_port
 .text.digit4_temper
                0x080017fc      0x178 ./Core/Src/fnd_controller.o
                0x080017fc                digit4_temper
 .text.heaterControll
                0x08001974       0x2c ./Core/Src/heaterController.o
                0x08001974                heaterControll
 .text.getHeaterState
                0x080019a0       0x14 ./Core/Src/heaterController.o
                0x080019a0                getHeaterState
 .text.main     0x080019b4       0xcc ./Core/Src/main.o
                0x080019b4                main
 .text.SystemClock_Config
                0x08001a80       0x8a ./Core/Src/main.o
                0x08001a80                SystemClock_Config
 *fill*         0x08001b0a        0x2 
 .text.MX_I2C2_Init
                0x08001b0c       0x5c ./Core/Src/main.o
 .text.MX_SPI2_Init
                0x08001b68       0x6c ./Core/Src/main.o
 .text.MX_TIM2_Init
                0x08001bd4       0x98 ./Core/Src/main.o
 .text.MX_TIM3_Init
                0x08001c6c       0x98 ./Core/Src/main.o
 .text.MX_USART1_UART_Init
                0x08001d04       0x54 ./Core/Src/main.o
 .text.MX_GPIO_Init
                0x08001d58      0x1c0 ./Core/Src/main.o
 .text.Error_Handler
                0x08001f18        0xc ./Core/Src/main.o
                0x08001f18                Error_Handler
 .text.HAL_MspInit
                0x08001f24       0x64 ./Core/Src/stm32f1xx_hal_msp.o
                0x08001f24                HAL_MspInit
 .text.HAL_I2C_MspInit
                0x08001f88       0x80 ./Core/Src/stm32f1xx_hal_msp.o
                0x08001f88                HAL_I2C_MspInit
 .text.HAL_SPI_MspInit
                0x08002008       0x80 ./Core/Src/stm32f1xx_hal_msp.o
                0x08002008                HAL_SPI_MspInit
 .text.HAL_TIM_Base_MspInit
                0x08002088       0x80 ./Core/Src/stm32f1xx_hal_msp.o
                0x08002088                HAL_TIM_Base_MspInit
 .text.HAL_UART_MspInit
                0x08002108       0x98 ./Core/Src/stm32f1xx_hal_msp.o
                0x08002108                HAL_UART_MspInit
 .text.NMI_Handler
                0x080021a0        0x8 ./Core/Src/stm32f1xx_it.o
                0x080021a0                NMI_Handler
 .text.HardFault_Handler
                0x080021a8        0x8 ./Core/Src/stm32f1xx_it.o
                0x080021a8                HardFault_Handler
 .text.MemManage_Handler
                0x080021b0        0x8 ./Core/Src/stm32f1xx_it.o
                0x080021b0                MemManage_Handler
 .text.BusFault_Handler
                0x080021b8        0x8 ./Core/Src/stm32f1xx_it.o
                0x080021b8                BusFault_Handler
 .text.UsageFault_Handler
                0x080021c0        0x8 ./Core/Src/stm32f1xx_it.o
                0x080021c0                UsageFault_Handler
 .text.SVC_Handler
                0x080021c8        0xc ./Core/Src/stm32f1xx_it.o
                0x080021c8                SVC_Handler
 .text.DebugMon_Handler
                0x080021d4        0xc ./Core/Src/stm32f1xx_it.o
                0x080021d4                DebugMon_Handler
 .text.PendSV_Handler
                0x080021e0        0xc ./Core/Src/stm32f1xx_it.o
                0x080021e0                PendSV_Handler
 .text.SysTick_Handler
                0x080021ec        0xc ./Core/Src/stm32f1xx_it.o
                0x080021ec                SysTick_Handler
 .text.EXTI0_IRQHandler
                0x080021f8       0x18 ./Core/Src/stm32f1xx_it.o
                0x080021f8                EXTI0_IRQHandler
 .text.EXTI1_IRQHandler
                0x08002210       0x18 ./Core/Src/stm32f1xx_it.o
                0x08002210                EXTI1_IRQHandler
 .text.EXTI2_IRQHandler
                0x08002228       0x18 ./Core/Src/stm32f1xx_it.o
                0x08002228                EXTI2_IRQHandler
 .text.TIM2_IRQHandler
                0x08002240       0x20 ./Core/Src/stm32f1xx_it.o
                0x08002240                TIM2_IRQHandler
 .text.TIM3_IRQHandler
                0x08002260       0x44 ./Core/Src/stm32f1xx_it.o
                0x08002260                TIM3_IRQHandler
 .text.EXTI15_10_IRQHandler
                0x080022a4       0x1c ./Core/Src/stm32f1xx_it.o
                0x080022a4                EXTI15_10_IRQHandler
 .text.SystemInit
                0x080022c0        0xc ./Core/Src/system_stm32f1xx.o
                0x080022c0                SystemInit
 .text.Reset_Handler
                0x080022cc       0x48 ./Core/Startup/startup_stm32f103c8tx.o
                0x080022cc                Reset_Handler
 .text.Default_Handler
                0x08002314        0x2 ./Core/Startup/startup_stm32f103c8tx.o
                0x08002314                RTC_Alarm_IRQHandler
                0x08002314                TIM1_CC_IRQHandler
                0x08002314                PVD_IRQHandler
                0x08002314                EXTI3_IRQHandler
                0x08002314                I2C2_EV_IRQHandler
                0x08002314                ADC1_2_IRQHandler
                0x08002314                SPI1_IRQHandler
                0x08002314                TAMPER_IRQHandler
                0x08002314                DMA1_Channel4_IRQHandler
                0x08002314                USART3_IRQHandler
                0x08002314                RTC_IRQHandler
                0x08002314                DMA1_Channel7_IRQHandler
                0x08002314                CAN1_RX1_IRQHandler
                0x08002314                TIM4_IRQHandler
                0x08002314                I2C1_EV_IRQHandler
                0x08002314                DMA1_Channel6_IRQHandler
                0x08002314                RCC_IRQHandler
                0x08002314                TIM1_TRG_COM_IRQHandler
                0x08002314                DMA1_Channel1_IRQHandler
                0x08002314                Default_Handler
                0x08002314                EXTI9_5_IRQHandler
                0x08002314                SPI2_IRQHandler
                0x08002314                DMA1_Channel5_IRQHandler
                0x08002314                EXTI4_IRQHandler
                0x08002314                USB_LP_CAN1_RX0_IRQHandler
                0x08002314                USB_HP_CAN1_TX_IRQHandler
                0x08002314                DMA1_Channel3_IRQHandler
                0x08002314                TIM1_UP_IRQHandler
                0x08002314                WWDG_IRQHandler
                0x08002314                TIM1_BRK_IRQHandler
                0x08002314                USART2_IRQHandler
                0x08002314                I2C2_ER_IRQHandler
                0x08002314                DMA1_Channel2_IRQHandler
                0x08002314                CAN1_SCE_IRQHandler
                0x08002314                FLASH_IRQHandler
                0x08002314                USART1_IRQHandler
                0x08002314                I2C1_ER_IRQHandler
                0x08002314                USBWakeUp_IRQHandler
 *fill*         0x08002316        0x2 
 .text.HAL_Init
                0x08002318       0x2c ./Drivers/STM32F1xx_HAL_Driver/Src/stm32f1xx_hal.o
                0x08002318                HAL_Init
 .text.HAL_InitTick
                0x08002344       0x60 ./Drivers/STM32F1xx_HAL_Driver/Src/stm32f1xx_hal.o
                0x08002344                HAL_InitTick
 .text.HAL_IncTick
                0x080023a4       0x24 ./Drivers/STM32F1xx_HAL_Driver/Src/stm32f1xx_hal.o
                0x080023a4                HAL_IncTick
 .text.HAL_GetTick
                0x080023c8       0x14 ./Drivers/STM32F1xx_HAL_Driver/Src/stm32f1xx_hal.o
                0x080023c8                HAL_GetTick
 .text.HAL_Delay
                0x080023dc       0x48 ./Drivers/STM32F1xx_HAL_Driver/Src/stm32f1xx_hal.o
                0x080023dc                HAL_Delay
 .text.__NVIC_SetPriorityGrouping
                0x08002424       0x48 ./Drivers/STM32F1xx_HAL_Driver/Src/stm32f1xx_hal_cortex.o
 .text.__NVIC_GetPriorityGrouping
                0x0800246c       0x1c ./Drivers/STM32F1xx_HAL_Driver/Src/stm32f1xx_hal_cortex.o
 .text.__NVIC_EnableIRQ
                0x08002488       0x38 ./Drivers/STM32F1xx_HAL_Driver/Src/stm32f1xx_hal_cortex.o
 .text.__NVIC_SetPriority
                0x080024c0       0x54 ./Drivers/STM32F1xx_HAL_Driver/Src/stm32f1xx_hal_cortex.o
 .text.NVIC_EncodePriority
                0x08002514       0x64 ./Drivers/STM32F1xx_HAL_Driver/Src/stm32f1xx_hal_cortex.o
 .text.SysTick_Config
                0x08002578       0x44 ./Drivers/STM32F1xx_HAL_Driver/Src/stm32f1xx_hal_cortex.o
 .text.HAL_NVIC_SetPriorityGrouping
                0x080025bc       0x16 ./Drivers/STM32F1xx_HAL_Driver/Src/stm32f1xx_hal_cortex.o
                0x080025bc                HAL_NVIC_SetPriorityGrouping
 .text.HAL_NVIC_SetPriority
                0x080025d2       0x38 ./Drivers/STM32F1xx_HAL_Driver/Src/stm32f1xx_hal_cortex.o
                0x080025d2                HAL_NVIC_SetPriority
 .text.HAL_NVIC_EnableIRQ
                0x0800260a       0x1c ./Drivers/STM32F1xx_HAL_Driver/Src/stm32f1xx_hal_cortex.o
                0x0800260a                HAL_NVIC_EnableIRQ
 .text.HAL_SYSTICK_Config
                0x08002626       0x18 ./Drivers/STM32F1xx_HAL_Driver/Src/stm32f1xx_hal_cortex.o
                0x08002626                HAL_SYSTICK_Config
 *fill*         0x0800263e        0x2 
 .text.HAL_GPIO_Init
                0x08002640      0x308 ./Drivers/STM32F1xx_HAL_Driver/Src/stm32f1xx_hal_gpio.o
                0x08002640                HAL_GPIO_Init
 .text.HAL_GPIO_ReadPin
                0x08002948       0x2e ./Drivers/STM32F1xx_HAL_Driver/Src/stm32f1xx_hal_gpio.o
                0x08002948                HAL_GPIO_ReadPin
 .text.HAL_GPIO_WritePin
                0x08002976       0x30 ./Drivers/STM32F1xx_HAL_Driver/Src/stm32f1xx_hal_gpio.o
                0x08002976                HAL_GPIO_WritePin
 *fill*         0x080029a6        0x2 
 .text.HAL_GPIO_EXTI_IRQHandler
                0x080029a8       0x30 ./Drivers/STM32F1xx_HAL_Driver/Src/stm32f1xx_hal_gpio.o
                0x080029a8                HAL_GPIO_EXTI_IRQHandler
 .text.HAL_GPIO_EXTI_Callback
                0x080029d8       0x14 ./Drivers/STM32F1xx_HAL_Driver/Src/stm32f1xx_hal_gpio.o
                0x080029d8                HAL_GPIO_EXTI_Callback
 .text.HAL_I2C_Init
                0x080029ec      0x288 ./Drivers/STM32F1xx_HAL_Driver/Src/stm32f1xx_hal_i2c.o
                0x080029ec                HAL_I2C_Init
 .text.HAL_I2C_Master_Transmit
                0x08002c74      0x1fc ./Drivers/STM32F1xx_HAL_Driver/Src/stm32f1xx_hal_i2c.o
                0x08002c74                HAL_I2C_Master_Transmit
 .text.HAL_I2C_IsDeviceReady
                0x08002e70      0x25c ./Drivers/STM32F1xx_HAL_Driver/Src/stm32f1xx_hal_i2c.o
                0x08002e70                HAL_I2C_IsDeviceReady
 .text.I2C_MasterRequestWrite
                0x080030cc      0x104 ./Drivers/STM32F1xx_HAL_Driver/Src/stm32f1xx_hal_i2c.o
 .text.I2C_WaitOnFlagUntilTimeout
                0x080031d0       0xf4 ./Drivers/STM32F1xx_HAL_Driver/Src/stm32f1xx_hal_i2c.o
 .text.I2C_WaitOnMasterAddressFlagUntilTimeout
                0x080032c4      0x140 ./Drivers/STM32F1xx_HAL_Driver/Src/stm32f1xx_hal_i2c.o
 .text.I2C_WaitOnTXEFlagUntilTimeout
                0x08003404       0x90 ./Drivers/STM32F1xx_HAL_Driver/Src/stm32f1xx_hal_i2c.o
 .text.I2C_WaitOnBTFFlagUntilTimeout
                0x08003494       0x90 ./Drivers/STM32F1xx_HAL_Driver/Src/stm32f1xx_hal_i2c.o
 .text.I2C_IsAcknowledgeFailed
                0x08003524       0x5c ./Drivers/STM32F1xx_HAL_Driver/Src/stm32f1xx_hal_i2c.o
 .text.HAL_RCC_OscConfig
                0x08003580      0x504 ./Drivers/STM32F1xx_HAL_Driver/Src/stm32f1xx_hal_rcc.o
                0x08003580                HAL_RCC_OscConfig
 .text.HAL_RCC_ClockConfig
                0x08003a84      0x1d4 ./Drivers/STM32F1xx_HAL_Driver/Src/stm32f1xx_hal_rcc.o
                0x08003a84                HAL_RCC_ClockConfig
 .text.HAL_RCC_GetSysClockFreq
                0x08003c58       0xa8 ./Drivers/STM32F1xx_HAL_Driver/Src/stm32f1xx_hal_rcc.o
                0x08003c58                HAL_RCC_GetSysClockFreq
 .text.HAL_RCC_GetHCLKFreq
                0x08003d00       0x14 ./Drivers/STM32F1xx_HAL_Driver/Src/stm32f1xx_hal_rcc.o
                0x08003d00                HAL_RCC_GetHCLKFreq
 .text.HAL_RCC_GetPCLK1Freq
                0x08003d14       0x28 ./Drivers/STM32F1xx_HAL_Driver/Src/stm32f1xx_hal_rcc.o
                0x08003d14                HAL_RCC_GetPCLK1Freq
 .text.HAL_RCC_GetPCLK2Freq
                0x08003d3c       0x28 ./Drivers/STM32F1xx_HAL_Driver/Src/stm32f1xx_hal_rcc.o
                0x08003d3c                HAL_RCC_GetPCLK2Freq
 .text.RCC_Delay
                0x08003d64       0x3c ./Drivers/STM32F1xx_HAL_Driver/Src/stm32f1xx_hal_rcc.o
 .text.HAL_SPI_Init
                0x08003da0      0x108 ./Drivers/STM32F1xx_HAL_Driver/Src/stm32f1xx_hal_spi.o
                0x08003da0                HAL_SPI_Init
 .text.HAL_SPI_Transmit
                0x08003ea8      0x288 ./Drivers/STM32F1xx_HAL_Driver/Src/stm32f1xx_hal_spi.o
                0x08003ea8                HAL_SPI_Transmit
 .text.SPI_WaitFlagStateUntilTimeout
                0x08004130      0x110 ./Drivers/STM32F1xx_HAL_Driver/Src/stm32f1xx_hal_spi.o
 .text.SPI_EndRxTxTransaction
                0x08004240       0x62 ./Drivers/STM32F1xx_HAL_Driver/Src/stm32f1xx_hal_spi.o
 .text.HAL_TIM_Base_Init
                0x080042a2       0x9e ./Drivers/STM32F1xx_HAL_Driver/Src/stm32f1xx_hal_tim.o
                0x080042a2                HAL_TIM_Base_Init
 .text.HAL_TIM_Base_Start
                0x08004340       0x94 ./Drivers/STM32F1xx_HAL_Driver/Src/stm32f1xx_hal_tim.o
                0x08004340                HAL_TIM_Base_Start
 .text.HAL_TIM_Base_Start_IT
                0x080043d4       0xa4 ./Drivers/STM32F1xx_HAL_Driver/Src/stm32f1xx_hal_tim.o
                0x080043d4                HAL_TIM_Base_Start_IT
 .text.HAL_TIM_IRQHandler
                0x08004478      0x1e0 ./Drivers/STM32F1xx_HAL_Driver/Src/stm32f1xx_hal_tim.o
                0x08004478                HAL_TIM_IRQHandler
 .text.HAL_TIM_ConfigClockSource
                0x08004658      0x18e ./Drivers/STM32F1xx_HAL_Driver/Src/stm32f1xx_hal_tim.o
                0x08004658                HAL_TIM_ConfigClockSource
 .text.HAL_TIM_PeriodElapsedCallback
                0x080047e6       0x12 ./Drivers/STM32F1xx_HAL_Driver/Src/stm32f1xx_hal_tim.o
                0x080047e6                HAL_TIM_PeriodElapsedCallback
 .text.HAL_TIM_OC_DelayElapsedCallback
                0x080047f8       0x12 ./Drivers/STM32F1xx_HAL_Driver/Src/stm32f1xx_hal_tim.o
                0x080047f8                HAL_TIM_OC_DelayElapsedCallback
 .text.HAL_TIM_IC_CaptureCallback
                0x0800480a       0x12 ./Drivers/STM32F1xx_HAL_Driver/Src/stm32f1xx_hal_tim.o
                0x0800480a                HAL_TIM_IC_CaptureCallback
 .text.HAL_TIM_PWM_PulseFinishedCallback
                0x0800481c       0x12 ./Drivers/STM32F1xx_HAL_Driver/Src/stm32f1xx_hal_tim.o
                0x0800481c                HAL_TIM_PWM_PulseFinishedCallback
 .text.HAL_TIM_TriggerCallback
                0x0800482e       0x12 ./Drivers/STM32F1xx_HAL_Driver/Src/stm32f1xx_hal_tim.o
                0x0800482e                HAL_TIM_TriggerCallback
 .text.TIM_Base_SetConfig
                0x08004840       0xdc ./Drivers/STM32F1xx_HAL_Driver/Src/stm32f1xx_hal_tim.o
                0x08004840                TIM_Base_SetConfig
 .text.TIM_TI1_ConfigInputStage
                0x0800491c       0x5c ./Drivers/STM32F1xx_HAL_Driver/Src/stm32f1xx_hal_tim.o
 .text.TIM_TI2_ConfigInputStage
                0x08004978       0x5e ./Drivers/STM32F1xx_HAL_Driver/Src/stm32f1xx_hal_tim.o
 .text.TIM_ITRx_SetConfig
                0x080049d6       0x34 ./Drivers/STM32F1xx_HAL_Driver/Src/stm32f1xx_hal_tim.o
 .text.TIM_ETR_SetConfig
                0x08004a0a       0x3e ./Drivers/STM32F1xx_HAL_Driver/Src/stm32f1xx_hal_tim.o
                0x08004a0a                TIM_ETR_SetConfig
 .text.HAL_TIMEx_MasterConfigSynchronization
                0x08004a48       0xbc ./Drivers/STM32F1xx_HAL_Driver/Src/stm32f1xx_hal_tim_ex.o
                0x08004a48                HAL_TIMEx_MasterConfigSynchronization
 .text.HAL_TIMEx_CommutCallback
                0x08004b04       0x12 ./Drivers/STM32F1xx_HAL_Driver/Src/stm32f1xx_hal_tim_ex.o
                0x08004b04                HAL_TIMEx_CommutCallback
 .text.HAL_TIMEx_BreakCallback
                0x08004b16       0x12 ./Drivers/STM32F1xx_HAL_Driver/Src/stm32f1xx_hal_tim_ex.o
                0x08004b16                HAL_TIMEx_BreakCallback
 .text.HAL_UART_Init
                0x08004b28       0xa0 ./Drivers/STM32F1xx_HAL_Driver/Src/stm32f1xx_hal_uart.o
                0x08004b28                HAL_UART_Init
 .text.UART_SetConfig
                0x08004bc8      0x11c ./Drivers/STM32F1xx_HAL_Driver/Src/stm32f1xx_hal_uart.o
 .text.memset   0x08004ce4       0x10 C:/ST/STM32CubeIDE_1.15.0/STM32CubeIDE/plugins/com.st.stm32cube.ide.mcu.externaltools.gnu-tools-for-stm32.12.3.rel1.win32_1.0.100.202403111256/tools/bin/../lib/gcc/arm-none-eabi/12.3.1/../../../../arm-none-eabi/lib/thumb/v7-m/nofp\libc_nano.a(libc_a-memset.o)
                0x08004ce4                memset
 .text.__libc_init_array
                0x08004cf4       0x48 C:/ST/STM32CubeIDE_1.15.0/STM32CubeIDE/plugins/com.st.stm32cube.ide.mcu.externaltools.gnu-tools-for-stm32.12.3.rel1.win32_1.0.100.202403111256/tools/bin/../lib/gcc/arm-none-eabi/12.3.1/../../../../arm-none-eabi/lib/thumb/v7-m/nofp\libc_nano.a(libc_a-init.o)
                0x08004cf4                __libc_init_array
 *(.glue_7)
 .glue_7        0x08004d3c        0x0 linker stubs
 *(.glue_7t)
 .glue_7t       0x08004d3c        0x0 linker stubs
 *(.eh_frame)
 .eh_frame      0x08004d3c        0x0 C:/ST/STM32CubeIDE_1.15.0/STM32CubeIDE/plugins/com.st.stm32cube.ide.mcu.externaltools.gnu-tools-for-stm32.12.3.rel1.win32_1.0.100.202403111256/tools/bin/../lib/gcc/arm-none-eabi/12.3.1/thumb/v7-m/nofp/crtbegin.o
 *(.init)
 .init          0x08004d3c        0x4 C:/ST/STM32CubeIDE_1.15.0/STM32CubeIDE/plugins/com.st.stm32cube.ide.mcu.externaltools.gnu-tools-for-stm32.12.3.rel1.win32_1.0.100.202403111256/tools/bin/../lib/gcc/arm-none-eabi/12.3.1/thumb/v7-m/nofp/crti.o
                0x08004d3c                _init
 .init          0x08004d40        0x8 C:/ST/STM32CubeIDE_1.15.0/STM32CubeIDE/plugins/com.st.stm32cube.ide.mcu.externaltools.gnu-tools-for-stm32.12.3.rel1.win32_1.0.100.202403111256/tools/bin/../lib/gcc/arm-none-eabi/12.3.1/thumb/v7-m/nofp/crtn.o
 *(.fini)
 .fini          0x08004d48        0x4 C:/ST/STM32CubeIDE_1.15.0/STM32CubeIDE/plugins/com.st.stm32cube.ide.mcu.externaltools.gnu-tools-for-stm32.12.3.rel1.win32_1.0.100.202403111256/tools/bin/../lib/gcc/arm-none-eabi/12.3.1/thumb/v7-m/nofp/crti.o
                0x08004d48                _fini
 .fini          0x08004d4c        0x8 C:/ST/STM32CubeIDE_1.15.0/STM32CubeIDE/plugins/com.st.stm32cube.ide.mcu.externaltools.gnu-tools-for-stm32.12.3.rel1.win32_1.0.100.202403111256/tools/bin/../lib/gcc/arm-none-eabi/12.3.1/thumb/v7-m/nofp/crtn.o
                0x08004d54                        . = ALIGN (0x4)
                0x08004d54                        _etext = .

.vfp11_veneer   0x08004d54        0x0
 .vfp11_veneer  0x08004d54        0x0 linker stubs

.v4_bx          0x08004d54        0x0
 .v4_bx         0x08004d54        0x0 linker stubs

.iplt           0x08004d54        0x0
 .iplt          0x08004d54        0x0 C:/ST/STM32CubeIDE_1.15.0/STM32CubeIDE/plugins/com.st.stm32cube.ide.mcu.externaltools.gnu-tools-for-stm32.12.3.rel1.win32_1.0.100.202403111256/tools/bin/../lib/gcc/arm-none-eabi/12.3.1/thumb/v7-m/nofp/crtbegin.o

.rodata         0x08004d54       0x2c
                0x08004d54                        . = ALIGN (0x4)
 *(.rodata)
 *(.rodata*)
 .rodata.AHBPrescTable
                0x08004d54       0x10 ./Core/Src/system_stm32f1xx.o
                0x08004d54                AHBPrescTable
 .rodata.APBPrescTable
                0x08004d64        0x8 ./Core/Src/system_stm32f1xx.o
                0x08004d64                APBPrescTable
 .rodata.aPLLMULFactorTable.1
                0x08004d6c       0x10 ./Drivers/STM32F1xx_HAL_Driver/Src/stm32f1xx_hal_rcc.o
 .rodata.aPredivFactorTable.0
                0x08004d7c        0x2 ./Drivers/STM32F1xx_HAL_Driver/Src/stm32f1xx_hal_rcc.o
                0x08004d80                        . = ALIGN (0x4)
 *fill*         0x08004d7e        0x2 

.ARM.extab      0x08004d80        0x0
                0x08004d80                        . = ALIGN (0x4)
 *(.ARM.extab* .gnu.linkonce.armextab.*)
                0x08004d80                        . = ALIGN (0x4)

.ARM            0x08004d80        0x0
                0x08004d80                        . = ALIGN (0x4)
                0x08004d80                        __exidx_start = .
 *(.ARM.exidx*)
                0x08004d80                        __exidx_end = .
                0x08004d80                        . = ALIGN (0x4)

.preinit_array  0x08004d80        0x0
                0x08004d80                        . = ALIGN (0x4)
                0x08004d80                        PROVIDE (__preinit_array_start = .)
 *(.preinit_array*)
                0x08004d80                        PROVIDE (__preinit_array_end = .)
                0x08004d80                        . = ALIGN (0x4)

.init_array     0x08004d80        0x4
                0x08004d80                        . = ALIGN (0x4)
                0x08004d80                        PROVIDE (__init_array_start = .)
 *(SORT_BY_NAME(.init_array.*))
 *(.init_array*)
 .init_array    0x08004d80        0x4 C:/ST/STM32CubeIDE_1.15.0/STM32CubeIDE/plugins/com.st.stm32cube.ide.mcu.externaltools.gnu-tools-for-stm32.12.3.rel1.win32_1.0.100.202403111256/tools/bin/../lib/gcc/arm-none-eabi/12.3.1/thumb/v7-m/nofp/crtbegin.o
                0x08004d84                        PROVIDE (__init_array_end = .)
                0x08004d84                        . = ALIGN (0x4)

.fini_array     0x08004d84        0x4
                0x08004d84                        . = ALIGN (0x4)
                [!provide]                        PROVIDE (__fini_array_start = .)
 *(SORT_BY_NAME(.fini_array.*))
 *(.fini_array*)
 .fini_array    0x08004d84        0x4 C:/ST/STM32CubeIDE_1.15.0/STM32CubeIDE/plugins/com.st.stm32cube.ide.mcu.externaltools.gnu-tools-for-stm32.12.3.rel1.win32_1.0.100.202403111256/tools/bin/../lib/gcc/arm-none-eabi/12.3.1/thumb/v7-m/nofp/crtbegin.o
                [!provide]                        PROVIDE (__fini_array_end = .)
                0x08004d88                        . = ALIGN (0x4)
                0x08004d88                        _sidata = LOADADDR (.data)

.rel.dyn        0x08004d88        0x0
 .rel.iplt      0x08004d88        0x0 C:/ST/STM32CubeIDE_1.15.0/STM32CubeIDE/plugins/com.st.stm32cube.ide.mcu.externaltools.gnu-tools-for-stm32.12.3.rel1.win32_1.0.100.202403111256/tools/bin/../lib/gcc/arm-none-eabi/12.3.1/thumb/v7-m/nofp/crtbegin.o

.data           0x20000000        0xc load address 0x08004d88
                0x20000000                        . = ALIGN (0x4)
                0x20000000                        _sdata = .
 *(.data)
 *(.data*)
 .data.SystemCoreClock
                0x20000000        0x4 ./Core/Src/system_stm32f1xx.o
                0x20000000                SystemCoreClock
 .data.uwTickPrio
                0x20000004        0x4 ./Drivers/STM32F1xx_HAL_Driver/Src/stm32f1xx_hal.o
                0x20000004                uwTickPrio
 .data.uwTickFreq
                0x20000008        0x1 ./Drivers/STM32F1xx_HAL_Driver/Src/stm32f1xx_hal.o
                0x20000008                uwTickFreq
 *(.RamFunc)
 *(.RamFunc*)
                0x2000000c                        . = ALIGN (0x4)
 *fill*         0x20000009        0x3 
                0x2000000c                        _edata = .

.igot.plt       0x2000000c        0x0 load address 0x08004d94
 .igot.plt      0x2000000c        0x0 C:/ST/STM32CubeIDE_1.15.0/STM32CubeIDE/plugins/com.st.stm32cube.ide.mcu.externaltools.gnu-tools-for-stm32.12.3.rel1.win32_1.0.100.202403111256/tools/bin/../lib/gcc/arm-none-eabi/12.3.1/thumb/v7-m/nofp/crtbegin.o
                0x2000000c                        . = ALIGN (0x4)

.bss            0x2000000c      0x618 load address 0x08004d94
                0x2000000c                        _sbss = .
                0x2000000c                        __bss_start__ = _sbss
 *(.bss)
 .bss           0x2000000c       0x1c C:/ST/STM32CubeIDE_1.15.0/STM32CubeIDE/plugins/com.st.stm32cube.ide.mcu.externaltools.gnu-tools-for-stm32.12.3.rel1.win32_1.0.100.202403111256/tools/bin/../lib/gcc/arm-none-eabi/12.3.1/thumb/v7-m/nofp/crtbegin.o
 *(.bss*)
 .bss.ds18b20   0x20000028       0x10 ./Core/Lib/Src/ds18b20.o
                0x20000028                ds18b20
 .bss.temperSensor
                0x20000038       0x10 ./Core/Lib/Src/ds18b20.o
                0x20000038                temperSensor
 .bss.OneWire   0x20000048       0x14 ./Core/Lib/Src/ds18b20.o
                0x20000048                OneWire
 .bss.OneWireDevices
                0x2000005c        0x1 ./Core/Lib/Src/ds18b20.o
                0x2000005c                OneWireDevices
 .bss.TempSensorCount
                0x2000005d        0x1 ./Core/Lib/Src/ds18b20.o
                0x2000005d                TempSensorCount
 .bss.Ds18b20Timeout
                0x2000005e        0x2 ./Core/Lib/Src/ds18b20.o
                0x2000005e                Ds18b20Timeout
 .bss.m_init    0x20000060        0x1 ./Core/Lib/Src/ds18b20.o
 .bss.m_busy    0x20000061        0x1 ./Core/Lib/Src/ds18b20.o
 .bss.m_isConverting
                0x20000062        0x1 ./Core/Lib/Src/ds18b20.o
 .bss.m_busy_line
                0x20000063        0x1 ./Core/Lib/Src/onewire.o
 .bss.SSD1306_Buffer
                0x20000064      0x400 ./Core/Lib/Src/ssd1306.o
 .bss.SSD1306   0x20000464        0x6 ./Core/Lib/Src/ssd1306.o
 *fill*         0x2000046a        0x2 
 .bss._LED_0F   0x2000046c       0x1d ./Core/Src/fnd_controller.o
                0x2000046c                _LED_0F
 *fill*         0x20000489        0x3 
 .bss.m_hspi    0x2000048c        0x4 ./Core/Src/fnd_controller.o
 .bss.m_tempercount
                0x20000490        0x1 ./Core/Src/fnd_controller.o
 .bss.m_state   0x20000491        0x1 ./Core/Src/heaterController.o
 .bss.g_f_sw_up
                0x20000492        0x1 ./Core/Src/main.o
                0x20000492                g_f_sw_up
 .bss.g_f_sw_down
                0x20000493        0x1 ./Core/Src/main.o
                0x20000493                g_f_sw_down
 .bss.g_f_sw_fix
                0x20000494        0x1 ./Core/Src/main.o
                0x20000494                g_f_sw_fix
 .bss.g_f_sw_on
                0x20000495        0x1 ./Core/Src/main.o
                0x20000495                g_f_sw_on
 *fill*         0x20000496        0x2 
 .bss.hi2c2     0x20000498       0x54 ./Core/Src/main.o
                0x20000498                hi2c2
 .bss.hspi2     0x200004ec       0x58 ./Core/Src/main.o
                0x200004ec                hspi2
 .bss.htim2     0x20000544       0x48 ./Core/Src/main.o
                0x20000544                htim2
 .bss.htim3     0x2000058c       0x48 ./Core/Src/main.o
                0x2000058c                htim3
 .bss.huart1    0x200005d4       0x48 ./Core/Src/main.o
                0x200005d4                huart1
 .bss.m_time    0x2000061c        0x4 ./Core/Src/stm32f1xx_it.o
 .bss.uwTick    0x20000620        0x4 ./Drivers/STM32F1xx_HAL_Driver/Src/stm32f1xx_hal.o
                0x20000620                uwTick
 *(COMMON)
                0x20000624                        . = ALIGN (0x4)
                0x20000624                        _ebss = .
                0x20000624                        __bss_end__ = _ebss

._user_heap_stack
                0x20000624      0x604 load address 0x08004d94
                0x20000628                        . = ALIGN (0x8)
 *fill*         0x20000624        0x4 
                [!provide]                        PROVIDE (end = .)
                0x20000628                        PROVIDE (_end = .)
                0x20000828                        . = (. + _Min_Heap_Size)
 *fill*         0x20000628      0x200 
                0x20000c28                        . = (. + _Min_Stack_Size)
 *fill*         0x20000828      0x400 
                0x20000c28                        . = ALIGN (0x8)

/DISCARD/
 libc.a(*)
 libm.a(*)
 libgcc.a(*)

.ARM.attributes
                0x00000000       0x29
 *(.ARM.attributes)
 .ARM.attributes
                0x00000000       0x1d C:/ST/STM32CubeIDE_1.15.0/STM32CubeIDE/plugins/com.st.stm32cube.ide.mcu.externaltools.gnu-tools-for-stm32.12.3.rel1.win32_1.0.100.202403111256/tools/bin/../lib/gcc/arm-none-eabi/12.3.1/thumb/v7-m/nofp/crti.o
 .ARM.attributes
                0x0000001d       0x2d C:/ST/STM32CubeIDE_1.15.0/STM32CubeIDE/plugins/com.st.stm32cube.ide.mcu.externaltools.gnu-tools-for-stm32.12.3.rel1.win32_1.0.100.202403111256/tools/bin/../lib/gcc/arm-none-eabi/12.3.1/thumb/v7-m/nofp/crtbegin.o
 .ARM.attributes
                0x0000004a       0x2d ./Core/Lib/Src/ds18b20.o
 .ARM.attributes
                0x00000077       0x2d ./Core/Lib/Src/onewire.o
 .ARM.attributes
                0x000000a4       0x2d ./Core/Lib/Src/ssd1306.o
 .ARM.attributes
                0x000000d1       0x2d ./Core/Src/fnd_controller.o
 .ARM.attributes
                0x000000fe       0x2d ./Core/Src/heaterController.o
 .ARM.attributes
                0x0000012b       0x2d ./Core/Src/main.o
 .ARM.attributes
                0x00000158       0x2d ./Core/Src/stm32f1xx_hal_msp.o
 .ARM.attributes
                0x00000185       0x2d ./Core/Src/stm32f1xx_it.o
 .ARM.attributes
                0x000001b2       0x2d ./Core/Src/system_stm32f1xx.o
 .ARM.attributes
                0x000001df       0x21 ./Core/Startup/startup_stm32f103c8tx.o
 .ARM.attributes
                0x00000200       0x2d ./Drivers/STM32F1xx_HAL_Driver/Src/stm32f1xx_hal.o
 .ARM.attributes
                0x0000022d       0x2d ./Drivers/STM32F1xx_HAL_Driver/Src/stm32f1xx_hal_cortex.o
 .ARM.attributes
                0x0000025a       0x2d ./Drivers/STM32F1xx_HAL_Driver/Src/stm32f1xx_hal_gpio.o
 .ARM.attributes
                0x00000287       0x2d ./Drivers/STM32F1xx_HAL_Driver/Src/stm32f1xx_hal_i2c.o
 .ARM.attributes
                0x000002b4       0x2d ./Drivers/STM32F1xx_HAL_Driver/Src/stm32f1xx_hal_rcc.o
 .ARM.attributes
                0x000002e1       0x2d ./Drivers/STM32F1xx_HAL_Driver/Src/stm32f1xx_hal_spi.o
 .ARM.attributes
                0x0000030e       0x2d ./Drivers/STM32F1xx_HAL_Driver/Src/stm32f1xx_hal_tim.o
 .ARM.attributes
                0x0000033b       0x2d ./Drivers/STM32F1xx_HAL_Driver/Src/stm32f1xx_hal_tim_ex.o
 .ARM.attributes
                0x00000368       0x2d ./Drivers/STM32F1xx_HAL_Driver/Src/stm32f1xx_hal_uart.o
 .ARM.attributes
                0x00000395       0x2d C:/ST/STM32CubeIDE_1.15.0/STM32CubeIDE/plugins/com.st.stm32cube.ide.mcu.externaltools.gnu-tools-for-stm32.12.3.rel1.win32_1.0.100.202403111256/tools/bin/../lib/gcc/arm-none-eabi/12.3.1/../../../../arm-none-eabi/lib/thumb/v7-m/nofp\libc_nano.a(libc_a-memset.o)
 .ARM.attributes
                0x000003c2       0x2d C:/ST/STM32CubeIDE_1.15.0/STM32CubeIDE/plugins/com.st.stm32cube.ide.mcu.externaltools.gnu-tools-for-stm32.12.3.rel1.win32_1.0.100.202403111256/tools/bin/../lib/gcc/arm-none-eabi/12.3.1/../../../../arm-none-eabi/lib/thumb/v7-m/nofp\libc_nano.a(libc_a-init.o)
 .ARM.attributes
                0x000003ef       0x1d C:/ST/STM32CubeIDE_1.15.0/STM32CubeIDE/plugins/com.st.stm32cube.ide.mcu.externaltools.gnu-tools-for-stm32.12.3.rel1.win32_1.0.100.202403111256/tools/bin/../lib/gcc/arm-none-eabi/12.3.1/thumb/v7-m/nofp\libgcc.a(_arm_mulsf3.o)
 .ARM.attributes
                0x0000040c       0x1d C:/ST/STM32CubeIDE_1.15.0/STM32CubeIDE/plugins/com.st.stm32cube.ide.mcu.externaltools.gnu-tools-for-stm32.12.3.rel1.win32_1.0.100.202403111256/tools/bin/../lib/gcc/arm-none-eabi/12.3.1/thumb/v7-m/nofp\libgcc.a(_arm_addsubsf3.o)
 .ARM.attributes
                0x00000429       0x1d C:/ST/STM32CubeIDE_1.15.0/STM32CubeIDE/plugins/com.st.stm32cube.ide.mcu.externaltools.gnu-tools-for-stm32.12.3.rel1.win32_1.0.100.202403111256/tools/bin/../lib/gcc/arm-none-eabi/12.3.1/thumb/v7-m/nofp\libgcc.a(_arm_cmpsf2.o)
 .ARM.attributes
                0x00000446       0x1d C:/ST/STM32CubeIDE_1.15.0/STM32CubeIDE/plugins/com.st.stm32cube.ide.mcu.externaltools.gnu-tools-for-stm32.12.3.rel1.win32_1.0.100.202403111256/tools/bin/../lib/gcc/arm-none-eabi/12.3.1/thumb/v7-m/nofp\libgcc.a(_arm_fixsfsi.o)
 .ARM.attributes
                0x00000463       0x1d C:/ST/STM32CubeIDE_1.15.0/STM32CubeIDE/plugins/com.st.stm32cube.ide.mcu.externaltools.gnu-tools-for-stm32.12.3.rel1.win32_1.0.100.202403111256/tools/bin/../lib/gcc/arm-none-eabi/12.3.1/thumb/v7-m/nofp/crtn.o
OUTPUT(two.elf elf32-littlearm)
LOAD linker stubs
LOAD C:/ST/STM32CubeIDE_1.15.0/STM32CubeIDE/plugins/com.st.stm32cube.ide.mcu.externaltools.gnu-tools-for-stm32.12.3.rel1.win32_1.0.100.202403111256/tools/bin/../lib/gcc/arm-none-eabi/12.3.1/../../../../arm-none-eabi/lib/thumb/v7-m/nofp\libc.a
LOAD C:/ST/STM32CubeIDE_1.15.0/STM32CubeIDE/plugins/com.st.stm32cube.ide.mcu.externaltools.gnu-tools-for-stm32.12.3.rel1.win32_1.0.100.202403111256/tools/bin/../lib/gcc/arm-none-eabi/12.3.1/../../../../arm-none-eabi/lib/thumb/v7-m/nofp\libm.a
LOAD C:/ST/STM32CubeIDE_1.15.0/STM32CubeIDE/plugins/com.st.stm32cube.ide.mcu.externaltools.gnu-tools-for-stm32.12.3.rel1.win32_1.0.100.202403111256/tools/bin/../lib/gcc/arm-none-eabi/12.3.1/thumb/v7-m/nofp\libgcc.a

.debug_info     0x00000000    0x12ca9
 .debug_info    0x00000000      0x921 ./Core/Lib/Src/ds18b20.o
 .debug_info    0x00000921      0xdcb ./Core/Lib/Src/onewire.o
 .debug_info    0x000016ec     0x1028 ./Core/Lib/Src/ssd1306.o
 .debug_info    0x00002714      0x8fc ./Core/Src/fnd_controller.o
 .debug_info    0x00003010      0x1c4 ./Core/Src/heaterController.o
 .debug_info    0x000031d4     0x181b ./Core/Src/main.o
 .debug_info    0x000049ef     0x1361 ./Core/Src/stm32f1xx_hal_msp.o
 .debug_info    0x00005d50      0x7ca ./Core/Src/stm32f1xx_it.o
 .debug_info    0x0000651a      0x222 ./Core/Src/system_stm32f1xx.o
 .debug_info    0x0000673c       0x30 ./Core/Startup/startup_stm32f103c8tx.o
 .debug_info    0x0000676c      0x704 ./Drivers/STM32F1xx_HAL_Driver/Src/stm32f1xx_hal.o
 .debug_info    0x00006e70      0xa87 ./Drivers/STM32F1xx_HAL_Driver/Src/stm32f1xx_hal_cortex.o
 .debug_info    0x000078f7      0x5ab ./Drivers/STM32F1xx_HAL_Driver/Src/stm32f1xx_hal_gpio.o
 .debug_info    0x00007ea2     0x2524 ./Drivers/STM32F1xx_HAL_Driver/Src/stm32f1xx_hal_i2c.o
 .debug_info    0x0000a3c6      0x7d5 ./Drivers/STM32F1xx_HAL_Driver/Src/stm32f1xx_hal_rcc.o
 .debug_info    0x0000ab9b     0x142d ./Drivers/STM32F1xx_HAL_Driver/Src/stm32f1xx_hal_spi.o
 .debug_info    0x0000bfc8     0x2959 ./Drivers/STM32F1xx_HAL_Driver/Src/stm32f1xx_hal_tim.o
 .debug_info    0x0000e921     0x149b ./Drivers/STM32F1xx_HAL_Driver/Src/stm32f1xx_hal_tim_ex.o
 .debug_info    0x0000fdbc     0x2eed ./Drivers/STM32F1xx_HAL_Driver/Src/stm32f1xx_hal_uart.o

.debug_abbrev   0x00000000     0x2bd8
 .debug_abbrev  0x00000000      0x360 ./Core/Lib/Src/ds18b20.o
 .debug_abbrev  0x00000360      0x313 ./Core/Lib/Src/onewire.o
 .debug_abbrev  0x00000673      0x30d ./Core/Lib/Src/ssd1306.o
 .debug_abbrev  0x00000980      0x1ed ./Core/Src/fnd_controller.o
 .debug_abbrev  0x00000b6d      0x11b ./Core/Src/heaterController.o
 .debug_abbrev  0x00000c88      0x361 ./Core/Src/main.o
 .debug_abbrev  0x00000fe9      0x21f ./Core/Src/stm32f1xx_hal_msp.o
 .debug_abbrev  0x00001208      0x1e9 ./Core/Src/stm32f1xx_it.o
 .debug_abbrev  0x000013f1      0x13f ./Core/Src/system_stm32f1xx.o
 .debug_abbrev  0x00001530       0x24 ./Core/Startup/startup_stm32f103c8tx.o
 .debug_abbrev  0x00001554      0x201 ./Drivers/STM32F1xx_HAL_Driver/Src/stm32f1xx_hal.o
 .debug_abbrev  0x00001755      0x2f8 ./Drivers/STM32F1xx_HAL_Driver/Src/stm32f1xx_hal_cortex.o
 .debug_abbrev  0x00001a4d      0x1ca ./Drivers/STM32F1xx_HAL_Driver/Src/stm32f1xx_hal_gpio.o
 .debug_abbrev  0x00001c17      0x2a3 ./Drivers/STM32F1xx_HAL_Driver/Src/stm32f1xx_hal_i2c.o
 .debug_abbrev  0x00001eba      0x2b3 ./Drivers/STM32F1xx_HAL_Driver/Src/stm32f1xx_hal_rcc.o
 .debug_abbrev  0x0000216d      0x27a ./Drivers/STM32F1xx_HAL_Driver/Src/stm32f1xx_hal_spi.o
 .debug_abbrev  0x000023e7      0x277 ./Drivers/STM32F1xx_HAL_Driver/Src/stm32f1xx_hal_tim.o
 .debug_abbrev  0x0000265e      0x282 ./Drivers/STM32F1xx_HAL_Driver/Src/stm32f1xx_hal_tim_ex.o
 .debug_abbrev  0x000028e0      0x2f8 ./Drivers/STM32F1xx_HAL_Driver/Src/stm32f1xx_hal_uart.o

.debug_aranges  0x00000000     0x1350
 .debug_aranges
                0x00000000       0xc8 ./Core/Lib/Src/ds18b20.o
 .debug_aranges
                0x000000c8       0xd8 ./Core/Lib/Src/onewire.o
 .debug_aranges
                0x000001a0       0xf8 ./Core/Lib/Src/ssd1306.o
 .debug_aranges
                0x00000298       0x68 ./Core/Src/fnd_controller.o
 .debug_aranges
                0x00000300       0x28 ./Core/Src/heaterController.o
 .debug_aranges
                0x00000328       0x68 ./Core/Src/main.o
 .debug_aranges
                0x00000390       0x60 ./Core/Src/stm32f1xx_hal_msp.o
 .debug_aranges
                0x000003f0       0x90 ./Core/Src/stm32f1xx_it.o
 .debug_aranges
                0x00000480       0x28 ./Core/Src/system_stm32f1xx.o
 .debug_aranges
                0x000004a8       0x28 ./Core/Startup/startup_stm32f103c8tx.o
 .debug_aranges
                0x000004d0       0xe0 ./Drivers/STM32F1xx_HAL_Driver/Src/stm32f1xx_hal.o
 .debug_aranges
                0x000005b0      0x100 ./Drivers/STM32F1xx_HAL_Driver/Src/stm32f1xx_hal_cortex.o
 .debug_aranges
                0x000006b0       0x58 ./Drivers/STM32F1xx_HAL_Driver/Src/stm32f1xx_hal_gpio.o
 .debug_aranges
                0x00000708      0x2a8 ./Drivers/STM32F1xx_HAL_Driver/Src/stm32f1xx_hal_i2c.o
 .debug_aranges
                0x000009b0       0x90 ./Drivers/STM32F1xx_HAL_Driver/Src/stm32f1xx_hal_rcc.o
 .debug_aranges
                0x00000a40      0x1d0 ./Drivers/STM32F1xx_HAL_Driver/Src/stm32f1xx_hal_spi.o
 .debug_aranges
                0x00000c10      0x3d0 ./Drivers/STM32F1xx_HAL_Driver/Src/stm32f1xx_hal_tim.o
 .debug_aranges
                0x00000fe0      0x168 ./Drivers/STM32F1xx_HAL_Driver/Src/stm32f1xx_hal_tim_ex.o
 .debug_aranges
                0x00001148      0x208 ./Drivers/STM32F1xx_HAL_Driver/Src/stm32f1xx_hal_uart.o

.debug_rnglists
                0x00000000      0xf3f
 .debug_rnglists
                0x00000000       0x99 ./Core/Lib/Src/ds18b20.o
 .debug_rnglists
                0x00000099       0xa1 ./Core/Lib/Src/onewire.o
 .debug_rnglists
                0x0000013a       0xc2 ./Core/Lib/Src/ssd1306.o
 .debug_rnglists
                0x000001fc       0x4d ./Core/Src/fnd_controller.o
 .debug_rnglists
                0x00000249       0x19 ./Core/Src/heaterController.o
 .debug_rnglists
                0x00000262       0x4e ./Core/Src/main.o
 .debug_rnglists
                0x000002b0       0x47 ./Core/Src/stm32f1xx_hal_msp.o
 .debug_rnglists
                0x000002f7       0x67 ./Core/Src/stm32f1xx_it.o
 .debug_rnglists
                0x0000035e       0x1a ./Core/Src/system_stm32f1xx.o
 .debug_rnglists
                0x00000378       0x19 ./Core/Startup/startup_stm32f103c8tx.o
 .debug_rnglists
                0x00000391       0xa3 ./Drivers/STM32F1xx_HAL_Driver/Src/stm32f1xx_hal.o
 .debug_rnglists
                0x00000434       0xbb ./Drivers/STM32F1xx_HAL_Driver/Src/stm32f1xx_hal_cortex.o
 .debug_rnglists
                0x000004ef       0x3f ./Drivers/STM32F1xx_HAL_Driver/Src/stm32f1xx_hal_gpio.o
 .debug_rnglists
                0x0000052e      0x23c ./Drivers/STM32F1xx_HAL_Driver/Src/stm32f1xx_hal_i2c.o
 .debug_rnglists
                0x0000076a       0x6c ./Drivers/STM32F1xx_HAL_Driver/Src/stm32f1xx_hal_rcc.o
 .debug_rnglists
                0x000007d6      0x16e ./Drivers/STM32F1xx_HAL_Driver/Src/stm32f1xx_hal_spi.o
 .debug_rnglists
                0x00000944      0x31a ./Drivers/STM32F1xx_HAL_Driver/Src/stm32f1xx_hal_tim.o
 .debug_rnglists
                0x00000c5e      0x125 ./Drivers/STM32F1xx_HAL_Driver/Src/stm32f1xx_hal_tim_ex.o
 .debug_rnglists
                0x00000d83      0x1bc ./Drivers/STM32F1xx_HAL_Driver/Src/stm32f1xx_hal_uart.o

.debug_macro    0x00000000    0x185a0
 .debug_macro   0x00000000      0x1f6 ./Core/Lib/Src/ds18b20.o
 .debug_macro   0x000001f6      0xaa8 ./Core/Lib/Src/ds18b20.o
 .debug_macro   0x00000c9e      0x227 ./Core/Lib/Src/ds18b20.o
 .debug_macro   0x00000ec5       0x2e ./Core/Lib/Src/ds18b20.o
 .debug_macro   0x00000ef3       0x22 ./Core/Lib/Src/ds18b20.o
 .debug_macro   0x00000f15       0x22 ./Core/Lib/Src/ds18b20.o
 .debug_macro   0x00000f37       0x8e ./Core/Lib/Src/ds18b20.o
 .debug_macro   0x00000fc5       0x51 ./Core/Lib/Src/ds18b20.o
 .debug_macro   0x00001016      0x103 ./Core/Lib/Src/ds18b20.o
 .debug_macro   0x00001119       0x6a ./Core/Lib/Src/ds18b20.o
 .debug_macro   0x00001183      0x1df ./Core/Lib/Src/ds18b20.o
 .debug_macro   0x00001362       0x1c ./Core/Lib/Src/ds18b20.o
 .debug_macro   0x0000137e       0x22 ./Core/Lib/Src/ds18b20.o
 .debug_macro   0x000013a0       0xbd ./Core/Lib/Src/ds18b20.o
 .debug_macro   0x0000145d      0xd23 ./Core/Lib/Src/ds18b20.o
 .debug_macro   0x00002180     0xe09e ./Core/Lib/Src/ds18b20.o
 .debug_macro   0x0001021e       0x6d ./Core/Lib/Src/ds18b20.o
 .debug_macro   0x0001028b     0x34a2 ./Core/Lib/Src/ds18b20.o
 .debug_macro   0x0001372d      0x189 ./Core/Lib/Src/ds18b20.o
 .debug_macro   0x000138b6       0x5c ./Core/Lib/Src/ds18b20.o
 .debug_macro   0x00013912      0x5bc ./Core/Lib/Src/ds18b20.o
 .debug_macro   0x00013ece      0x289 ./Core/Lib/Src/ds18b20.o
 .debug_macro   0x00014157      0x1cb ./Core/Lib/Src/ds18b20.o
 .debug_macro   0x00014322      0x114 ./Core/Lib/Src/ds18b20.o
 .debug_macro   0x00014436      0x1b2 ./Core/Lib/Src/ds18b20.o
 .debug_macro   0x000145e8       0x27 ./Core/Lib/Src/ds18b20.o
 .debug_macro   0x0001460f      0x136 ./Core/Lib/Src/ds18b20.o
 .debug_macro   0x00014745      0x1bc ./Core/Lib/Src/ds18b20.o
 .debug_macro   0x00014901       0x34 ./Core/Lib/Src/ds18b20.o
 .debug_macro   0x00014935       0x3c ./Core/Lib/Src/ds18b20.o
 .debug_macro   0x00014971       0x57 ./Core/Lib/Src/ds18b20.o
 .debug_macro   0x000149c8       0x87 ./Core/Lib/Src/ds18b20.o
 .debug_macro   0x00014a4f      0x240 ./Core/Lib/Src/ds18b20.o
 .debug_macro   0x00014c8f      0x287 ./Core/Lib/Src/ds18b20.o
 .debug_macro   0x00014f16      0x140 ./Core/Lib/Src/ds18b20.o
 .debug_macro   0x00015056      0x217 ./Core/Lib/Src/ds18b20.o
 .debug_macro   0x0001526d      0x8ed ./Core/Lib/Src/ds18b20.o
 .debug_macro   0x00015b5a      0x28e ./Core/Lib/Src/ds18b20.o
 .debug_macro   0x00015de8       0x83 ./Core/Lib/Src/ds18b20.o
 .debug_macro   0x00015e6b       0xc4 ./Core/Lib/Src/ds18b20.o
 .debug_macro   0x00015f2f       0x40 ./Core/Lib/Src/ds18b20.o
 .debug_macro   0x00015f6f       0x2e ./Core/Lib/Src/ds18b20.o
 .debug_macro   0x00015f9d       0x22 ./Core/Lib/Src/ds18b20.o
 .debug_macro   0x00015fbf       0x46 ./Core/Lib/Src/ds18b20.o
 .debug_macro   0x00016005      0x1de ./Core/Lib/Src/onewire.o
 .debug_macro   0x000161e3      0x31a ./Core/Lib/Src/ssd1306.o
 .debug_macro   0x000164fd       0x16 ./Core/Lib/Src/ssd1306.o
 .debug_macro   0x00016513       0x16 ./Core/Lib/Src/ssd1306.o
 .debug_macro   0x00016529       0x29 ./Core/Lib/Src/ssd1306.o
 .debug_macro   0x00016552       0x23 ./Core/Lib/Src/ssd1306.o
 .debug_macro   0x00016575      0x1d5 ./Core/Src/fnd_controller.o
 .debug_macro   0x0001674a       0x1c ./Core/Src/fnd_controller.o
 .debug_macro   0x00016766      0x1d0 ./Core/Src/heaterController.o
 .debug_macro   0x00016936      0x398 ./Core/Src/main.o
 .debug_macro   0x00016cce       0x16 ./Core/Src/main.o
 .debug_macro   0x00016ce4       0x10 ./Core/Src/main.o
 .debug_macro   0x00016cf4       0x16 ./Core/Src/main.o
 .debug_macro   0x00016d0a       0x16 ./Core/Src/main.o
 .debug_macro   0x00016d20      0x146 ./Core/Src/main.o
 .debug_macro   0x00016e66       0x46 ./Core/Src/main.o
 .debug_macro   0x00016eac       0x16 ./Core/Src/main.o
 .debug_macro   0x00016ec2      0x1c6 ./Core/Src/stm32f1xx_hal_msp.o
 .debug_macro   0x00017088      0x2f9 ./Core/Src/stm32f1xx_it.o
 .debug_macro   0x00017381      0x1b7 ./Core/Src/system_stm32f1xx.o
 .debug_macro   0x00017538      0x1db ./Drivers/STM32F1xx_HAL_Driver/Src/stm32f1xx_hal.o
 .debug_macro   0x00017713      0x1b7 ./Drivers/STM32F1xx_HAL_Driver/Src/stm32f1xx_hal_cortex.o
 .debug_macro   0x000178ca      0x222 ./Drivers/STM32F1xx_HAL_Driver/Src/stm32f1xx_hal_gpio.o
 .debug_macro   0x00017aec      0x205 ./Drivers/STM32F1xx_HAL_Driver/Src/stm32f1xx_hal_i2c.o
 .debug_macro   0x00017cf1      0x1c9 ./Drivers/STM32F1xx_HAL_Driver/Src/stm32f1xx_hal_rcc.o
 .debug_macro   0x00017eba      0x1bf ./Drivers/STM32F1xx_HAL_Driver/Src/stm32f1xx_hal_spi.o
 .debug_macro   0x00018079      0x1b8 ./Drivers/STM32F1xx_HAL_Driver/Src/stm32f1xx_hal_tim.o
 .debug_macro   0x00018231      0x1b7 ./Drivers/STM32F1xx_HAL_Driver/Src/stm32f1xx_hal_tim_ex.o
 .debug_macro   0x000183e8      0x1b8 ./Drivers/STM32F1xx_HAL_Driver/Src/stm32f1xx_hal_uart.o

.debug_line     0x00000000    0x16131
 .debug_line    0x00000000      0xca6 ./Core/Lib/Src/ds18b20.o
 .debug_line    0x00000ca6      0xcfb ./Core/Lib/Src/onewire.o
 .debug_line    0x000019a1     0x10a4 ./Core/Lib/Src/ssd1306.o
 .debug_line    0x00002a45      0x93a ./Core/Src/fnd_controller.o
 .debug_line    0x0000337f      0x75e ./Core/Src/heaterController.o
 .debug_line    0x00003add      0xc91 ./Core/Src/main.o
 .debug_line    0x0000476e      0x877 ./Core/Src/stm32f1xx_hal_msp.o
 .debug_line    0x00004fe5      0xab3 ./Core/Src/stm32f1xx_it.o
 .debug_line    0x00005a98      0x7b1 ./Core/Src/system_stm32f1xx.o
 .debug_line    0x00006249       0x78 ./Core/Startup/startup_stm32f103c8tx.o
 .debug_line    0x000062c1      0x9de ./Drivers/STM32F1xx_HAL_Driver/Src/stm32f1xx_hal.o
 .debug_line    0x00006c9f      0xbca ./Drivers/STM32F1xx_HAL_Driver/Src/stm32f1xx_hal_cortex.o
 .debug_line    0x00007869      0xa77 ./Drivers/STM32F1xx_HAL_Driver/Src/stm32f1xx_hal_gpio.o
 .debug_line    0x000082e0     0x3c7b ./Drivers/STM32F1xx_HAL_Driver/Src/stm32f1xx_hal_i2c.o
 .debug_line    0x0000bf5b      0xde7 ./Drivers/STM32F1xx_HAL_Driver/Src/stm32f1xx_hal_rcc.o
 .debug_line    0x0000cd42     0x1d02 ./Drivers/STM32F1xx_HAL_Driver/Src/stm32f1xx_hal_spi.o
 .debug_line    0x0000ea44     0x3503 ./Drivers/STM32F1xx_HAL_Driver/Src/stm32f1xx_hal_tim.o
 .debug_line    0x00011f47     0x192d ./Drivers/STM32F1xx_HAL_Driver/Src/stm32f1xx_hal_tim_ex.o
 .debug_line    0x00013874     0x28bd ./Drivers/STM32F1xx_HAL_Driver/Src/stm32f1xx_hal_uart.o

.debug_str      0x00000000    0x8f50a
 .debug_str     0x00000000    0x86be2 ./Core/Lib/Src/ds18b20.o
                              0x86f5b (size before relaxing)
 .debug_str     0x00086be2      0x676 ./Core/Lib/Src/onewire.o
                              0x871bd (size before relaxing)
 .debug_str     0x00087258     0x3a3f ./Core/Lib/Src/ssd1306.o
                              0x8a067 (size before relaxing)
 .debug_str     0x0008ac97      0x2a3 ./Core/Src/fnd_controller.o
                              0x86cc2 (size before relaxing)
 .debug_str     0x0008af3a       0x64 ./Core/Src/heaterController.o
                              0x8682a (size before relaxing)
 .debug_str     0x0008af9e      0xe66 ./Core/Src/main.o
                              0x8b775 (size before relaxing)
 .debug_str     0x0008be04      0x127 ./Core/Src/stm32f1xx_hal_msp.o
                              0x876e3 (size before relaxing)
 .debug_str     0x0008bf2b      0x164 ./Core/Src/stm32f1xx_it.o
                              0x8a89b (size before relaxing)
 .debug_str     0x0008c08f       0x7e ./Core/Src/system_stm32f1xx.o
                              0x8643e (size before relaxing)
 .debug_str     0x0008c10d       0x44 ./Core/Startup/startup_stm32f103c8tx.o
                                 0x7a (size before relaxing)
 .debug_str     0x0008c151      0x36e ./Drivers/STM32F1xx_HAL_Driver/Src/stm32f1xx_hal.o
                              0x86b71 (size before relaxing)
 .debug_str     0x0008c4bf      0x294 ./Drivers/STM32F1xx_HAL_Driver/Src/stm32f1xx_hal_cortex.o
                              0x86abd (size before relaxing)
 .debug_str     0x0008c753      0x2a8 ./Drivers/STM32F1xx_HAL_Driver/Src/stm32f1xx_hal_gpio.o
                              0x867c4 (size before relaxing)
 .debug_str     0x0008c9fb      0xba2 ./Drivers/STM32F1xx_HAL_Driver/Src/stm32f1xx_hal_i2c.o
                              0x87505 (size before relaxing)
 .debug_str     0x0008d59d      0x209 ./Drivers/STM32F1xx_HAL_Driver/Src/stm32f1xx_hal_rcc.o
                              0x8686d (size before relaxing)
 .debug_str     0x0008d7a6      0x51e ./Drivers/STM32F1xx_HAL_Driver/Src/stm32f1xx_hal_spi.o
                              0x86d64 (size before relaxing)
 .debug_str     0x0008dcc4      0xdb8 ./Drivers/STM32F1xx_HAL_Driver/Src/stm32f1xx_hal_tim.o
                              0x8786f (size before relaxing)
 .debug_str     0x0008ea7c      0x493 ./Drivers/STM32F1xx_HAL_Driver/Src/stm32f1xx_hal_tim_ex.o
                              0x8707b (size before relaxing)
 .debug_str     0x0008ef0f      0x5fb ./Drivers/STM32F1xx_HAL_Driver/Src/stm32f1xx_hal_uart.o
                              0x86ede (size before relaxing)

.comment        0x00000000       0x43
 .comment       0x00000000       0x43 ./Core/Lib/Src/ds18b20.o
                                 0x44 (size before relaxing)
 .comment       0x00000043       0x44 ./Core/Lib/Src/onewire.o
 .comment       0x00000043       0x44 ./Core/Lib/Src/ssd1306.o
 .comment       0x00000043       0x44 ./Core/Src/fnd_controller.o
 .comment       0x00000043       0x44 ./Core/Src/heaterController.o
 .comment       0x00000043       0x44 ./Core/Src/main.o
 .comment       0x00000043       0x44 ./Core/Src/stm32f1xx_hal_msp.o
 .comment       0x00000043       0x44 ./Core/Src/stm32f1xx_it.o
 .comment       0x00000043       0x44 ./Core/Src/system_stm32f1xx.o
 .comment       0x00000043       0x44 ./Drivers/STM32F1xx_HAL_Driver/Src/stm32f1xx_hal.o
 .comment       0x00000043       0x44 ./Drivers/STM32F1xx_HAL_Driver/Src/stm32f1xx_hal_cortex.o
 .comment       0x00000043       0x44 ./Drivers/STM32F1xx_HAL_Driver/Src/stm32f1xx_hal_gpio.o
 .comment       0x00000043       0x44 ./Drivers/STM32F1xx_HAL_Driver/Src/stm32f1xx_hal_i2c.o
 .comment       0x00000043       0x44 ./Drivers/STM32F1xx_HAL_Driver/Src/stm32f1xx_hal_rcc.o
 .comment       0x00000043       0x44 ./Drivers/STM32F1xx_HAL_Driver/Src/stm32f1xx_hal_spi.o
 .comment       0x00000043       0x44 ./Drivers/STM32F1xx_HAL_Driver/Src/stm32f1xx_hal_tim.o
 .comment       0x00000043       0x44 ./Drivers/STM32F1xx_HAL_Driver/Src/stm32f1xx_hal_tim_ex.o
 .comment       0x00000043       0x44 ./Drivers/STM32F1xx_HAL_Driver/Src/stm32f1xx_hal_uart.o

.debug_frame    0x00000000     0x535c
 .debug_frame   0x00000000      0x2f8 ./Core/Lib/Src/ds18b20.o
 .debug_frame   0x000002f8      0x390 ./Core/Lib/Src/onewire.o
 .debug_frame   0x00000688      0x414 ./Core/Lib/Src/ssd1306.o
 .debug_frame   0x00000a9c      0x17c ./Core/Src/fnd_controller.o
 .debug_frame   0x00000c18       0x54 ./Core/Src/heaterController.o
 .debug_frame   0x00000c6c      0x150 ./Core/Src/main.o
 .debug_frame   0x00000dbc      0x158 ./Core/Src/stm32f1xx_hal_msp.o
 .debug_frame   0x00000f14      0x1ac ./Core/Src/stm32f1xx_it.o
 .debug_frame   0x000010c0       0x58 ./Core/Src/system_stm32f1xx.o
 .debug_frame   0x00001118      0x334 ./Drivers/STM32F1xx_HAL_Driver/Src/stm32f1xx_hal.o
 .debug_frame   0x0000144c      0x428 ./Drivers/STM32F1xx_HAL_Driver/Src/stm32f1xx_hal_cortex.o
 .debug_frame   0x00001874      0x14c ./Drivers/STM32F1xx_HAL_Driver/Src/stm32f1xx_hal_gpio.o
 .debug_frame   0x000019c0      0xc84 ./Drivers/STM32F1xx_HAL_Driver/Src/stm32f1xx_hal_i2c.o
 .debug_frame   0x00002644      0x218 ./Drivers/STM32F1xx_HAL_Driver/Src/stm32f1xx_hal_rcc.o
 .debug_frame   0x0000285c      0x824 ./Drivers/STM32F1xx_HAL_Driver/Src/stm32f1xx_hal_spi.o
 .debug_frame   0x00003080     0x11b8 ./Drivers/STM32F1xx_HAL_Driver/Src/stm32f1xx_hal_tim.o
 .debug_frame   0x00004238      0x638 ./Drivers/STM32F1xx_HAL_Driver/Src/stm32f1xx_hal_tim_ex.o
 .debug_frame   0x00004870      0x944 ./Drivers/STM32F1xx_HAL_Driver/Src/stm32f1xx_hal_uart.o
 .debug_frame   0x000051b4       0x20 C:/ST/STM32CubeIDE_1.15.0/STM32CubeIDE/plugins/com.st.stm32cube.ide.mcu.externaltools.gnu-tools-for-stm32.12.3.rel1.win32_1.0.100.202403111256/tools/bin/../lib/gcc/arm-none-eabi/12.3.1/../../../../arm-none-eabi/lib/thumb/v7-m/nofp\libc_nano.a(libc_a-memset.o)
 .debug_frame   0x000051d4       0x2c C:/ST/STM32CubeIDE_1.15.0/STM32CubeIDE/plugins/com.st.stm32cube.ide.mcu.externaltools.gnu-tools-for-stm32.12.3.rel1.win32_1.0.100.202403111256/tools/bin/../lib/gcc/arm-none-eabi/12.3.1/../../../../arm-none-eabi/lib/thumb/v7-m/nofp\libc_nano.a(libc_a-init.o)
 .debug_frame   0x00005200       0x24 C:/ST/STM32CubeIDE_1.15.0/STM32CubeIDE/plugins/com.st.stm32cube.ide.mcu.externaltools.gnu-tools-for-stm32.12.3.rel1.win32_1.0.100.202403111256/tools/bin/../lib/gcc/arm-none-eabi/12.3.1/thumb/v7-m/nofp\libgcc.a(_arm_mulsf3.o)
 .debug_frame   0x00005224       0x4c C:/ST/STM32CubeIDE_1.15.0/STM32CubeIDE/plugins/com.st.stm32cube.ide.mcu.externaltools.gnu-tools-for-stm32.12.3.rel1.win32_1.0.100.202403111256/tools/bin/../lib/gcc/arm-none-eabi/12.3.1/thumb/v7-m/nofp\libgcc.a(_arm_addsubsf3.o)
 .debug_frame   0x00005270       0xc8 C:/ST/STM32CubeIDE_1.15.0/STM32CubeIDE/plugins/com.st.stm32cube.ide.mcu.externaltools.gnu-tools-for-stm32.12.3.rel1.win32_1.0.100.202403111256/tools/bin/../lib/gcc/arm-none-eabi/12.3.1/thumb/v7-m/nofp\libgcc.a(_arm_cmpsf2.o)
 .debug_frame   0x00005338       0x24 C:/ST/STM32CubeIDE_1.15.0/STM32CubeIDE/plugins/com.st.stm32cube.ide.mcu.externaltools.gnu-tools-for-stm32.12.3.rel1.win32_1.0.100.202403111256/tools/bin/../lib/gcc/arm-none-eabi/12.3.1/thumb/v7-m/nofp\libgcc.a(_arm_fixsfsi.o)

.debug_line_str
                0x00000000       0x5e
 .debug_line_str
                0x00000000       0x5e ./Core/Startup/startup_stm32f103c8tx.o
