Archive member included to satisfy reference by file (symbol)

C:/ST/STM32CubeIDE_1.15.0/STM32CubeIDE/plugins/com.st.stm32cube.ide.mcu.externaltools.gnu-tools-for-stm32.12.3.rel1.win32_1.0.100.202403111256/tools/bin/../lib/gcc/arm-none-eabi/12.3.1/../../../../arm-none-eabi/lib/thumb/v7-m/nofp\libc_nano.a(libc_a-exit.o)
                              C:/ST/STM32CubeIDE_1.15.0/STM32CubeIDE/plugins/com.st.stm32cube.ide.mcu.externaltools.gnu-tools-for-stm32.12.3.rel1.win32_1.0.100.202403111256/tools/bin/../lib/gcc/arm-none-eabi/12.3.1/../../../../arm-none-eabi/lib/thumb/v7-m/nofp/crt0.o (exit)
C:/ST/STM32CubeIDE_1.15.0/STM32CubeIDE/plugins/com.st.stm32cube.ide.mcu.externaltools.gnu-tools-for-stm32.12.3.rel1.win32_1.0.100.202403111256/tools/bin/../lib/gcc/arm-none-eabi/12.3.1/../../../../arm-none-eabi/lib/thumb/v7-m/nofp\libc_nano.a(libc_a-findfp.o)
                              C:/ST/STM32CubeIDE_1.15.0/STM32CubeIDE/plugins/com.st.stm32cube.ide.mcu.externaltools.gnu-tools-for-stm32.12.3.rel1.win32_1.0.100.202403111256/tools/bin/../lib/gcc/arm-none-eabi/12.3.1/../../../../arm-none-eabi/lib/thumb/v7-m/nofp\libc_nano.a(libc_a-exit.o) (__stdio_exit_handler)
C:/ST/STM32CubeIDE_1.15.0/STM32CubeIDE/plugins/com.st.stm32cube.ide.mcu.externaltools.gnu-tools-for-stm32.12.3.rel1.win32_1.0.100.202403111256/tools/bin/../lib/gcc/arm-none-eabi/12.3.1/../../../../arm-none-eabi/lib/thumb/v7-m/nofp\libc_nano.a(libc_a-fwalk.o)
                              C:/ST/STM32CubeIDE_1.15.0/STM32CubeIDE/plugins/com.st.stm32cube.ide.mcu.externaltools.gnu-tools-for-stm32.12.3.rel1.win32_1.0.100.202403111256/tools/bin/../lib/gcc/arm-none-eabi/12.3.1/../../../../arm-none-eabi/lib/thumb/v7-m/nofp\libc_nano.a(libc_a-findfp.o) (_fwalk_sglue)
C:/ST/STM32CubeIDE_1.15.0/STM32CubeIDE/plugins/com.st.stm32cube.ide.mcu.externaltools.gnu-tools-for-stm32.12.3.rel1.win32_1.0.100.202403111256/tools/bin/../lib/gcc/arm-none-eabi/12.3.1/../../../../arm-none-eabi/lib/thumb/v7-m/nofp\libc_nano.a(libc_a-stdio.o)
                              C:/ST/STM32CubeIDE_1.15.0/STM32CubeIDE/plugins/com.st.stm32cube.ide.mcu.externaltools.gnu-tools-for-stm32.12.3.rel1.win32_1.0.100.202403111256/tools/bin/../lib/gcc/arm-none-eabi/12.3.1/../../../../arm-none-eabi/lib/thumb/v7-m/nofp\libc_nano.a(libc_a-findfp.o) (__sread)
C:/ST/STM32CubeIDE_1.15.0/STM32CubeIDE/plugins/com.st.stm32cube.ide.mcu.externaltools.gnu-tools-for-stm32.12.3.rel1.win32_1.0.100.202403111256/tools/bin/../lib/gcc/arm-none-eabi/12.3.1/../../../../arm-none-eabi/lib/thumb/v7-m/nofp\libc_nano.a(libc_a-memset.o)
                              C:/ST/STM32CubeIDE_1.15.0/STM32CubeIDE/plugins/com.st.stm32cube.ide.mcu.externaltools.gnu-tools-for-stm32.12.3.rel1.win32_1.0.100.202403111256/tools/bin/../lib/gcc/arm-none-eabi/12.3.1/../../../../arm-none-eabi/lib/thumb/v7-m/nofp/crt0.o (memset)
C:/ST/STM32CubeIDE_1.15.0/STM32CubeIDE/plugins/com.st.stm32cube.ide.mcu.externaltools.gnu-tools-for-stm32.12.3.rel1.win32_1.0.100.202403111256/tools/bin/../lib/gcc/arm-none-eabi/12.3.1/../../../../arm-none-eabi/lib/thumb/v7-m/nofp\libc_nano.a(libc_a-closer.o)
                              C:/ST/STM32CubeIDE_1.15.0/STM32CubeIDE/plugins/com.st.stm32cube.ide.mcu.externaltools.gnu-tools-for-stm32.12.3.rel1.win32_1.0.100.202403111256/tools/bin/../lib/gcc/arm-none-eabi/12.3.1/../../../../arm-none-eabi/lib/thumb/v7-m/nofp\libc_nano.a(libc_a-stdio.o) (_close_r)
C:/ST/STM32CubeIDE_1.15.0/STM32CubeIDE/plugins/com.st.stm32cube.ide.mcu.externaltools.gnu-tools-for-stm32.12.3.rel1.win32_1.0.100.202403111256/tools/bin/../lib/gcc/arm-none-eabi/12.3.1/../../../../arm-none-eabi/lib/thumb/v7-m/nofp\libc_nano.a(libc_a-reent.o)
                              C:/ST/STM32CubeIDE_1.15.0/STM32CubeIDE/plugins/com.st.stm32cube.ide.mcu.externaltools.gnu-tools-for-stm32.12.3.rel1.win32_1.0.100.202403111256/tools/bin/../lib/gcc/arm-none-eabi/12.3.1/../../../../arm-none-eabi/lib/thumb/v7-m/nofp\libc_nano.a(libc_a-closer.o) (errno)
C:/ST/STM32CubeIDE_1.15.0/STM32CubeIDE/plugins/com.st.stm32cube.ide.mcu.externaltools.gnu-tools-for-stm32.12.3.rel1.win32_1.0.100.202403111256/tools/bin/../lib/gcc/arm-none-eabi/12.3.1/../../../../arm-none-eabi/lib/thumb/v7-m/nofp\libc_nano.a(libc_a-impure.o)
                              C:/ST/STM32CubeIDE_1.15.0/STM32CubeIDE/plugins/com.st.stm32cube.ide.mcu.externaltools.gnu-tools-for-stm32.12.3.rel1.win32_1.0.100.202403111256/tools/bin/../lib/gcc/arm-none-eabi/12.3.1/../../../../arm-none-eabi/lib/thumb/v7-m/nofp\libc_nano.a(libc_a-reent.o) (_impure_ptr)
C:/ST/STM32CubeIDE_1.15.0/STM32CubeIDE/plugins/com.st.stm32cube.ide.mcu.externaltools.gnu-tools-for-stm32.12.3.rel1.win32_1.0.100.202403111256/tools/bin/../lib/gcc/arm-none-eabi/12.3.1/../../../../arm-none-eabi/lib/thumb/v7-m/nofp\libc_nano.a(libc_a-lseekr.o)
[...]
Memory Configuration

Name             Origin             Length             Attributes
RAM              0x20000000         0x00005000         xrw
FLASH            0x08000000         0x00010000         xr
*default*        0x00000000         0xffffffff

Linker script and memory map

LOAD C:/ST/STM32CubeIDE_1.15.0/STM32CubeIDE/plugins/com.st.stm32cube.ide.mcu.externaltools.gnu-tools-for-stm32.12.3.rel1.win32_1.0.100.202403111256/tools/bin/../lib/gcc/arm-none-eabi/12.3.1/thumb/v7-m/nofp/crti.o
LOAD C:/ST/STM32CubeIDE_1.15.0/STM32CubeIDE/plugins/com.st.stm32cube.ide.mcu.externaltools.gnu-tools-for-stm32.12.3.rel1.win32_1.0.100.202403111256/tools/bin/../lib/gcc/arm-none-eabi/12.3.1/thumb/v7-m/nofp/crtbegin.o
LOAD C:/ST/STM32CubeIDE_1.15.0/STM32CubeIDE/plugins/com.st.stm32cube.ide.mcu.externaltools.gnu-tools-for-stm32.12.3.rel1.win32_1.0.100.202403111256/tools/bin/../lib/gcc/arm-none-eabi/12.3.1/../../../../arm-none-eabi/lib/thumb/v7-m/nofp/crt0.o
LOAD ./Core/Lib/Src/ds18b20.o
LOAD ./Core/Lib/Src/fonts.o
LOAD ./Core/Lib/Src/onewire.o
LOAD ./Core/Lib/Src/ssd1306.o
LOAD ./Core/Lib/Src/test.o
LOAD ./Core/Src/fnd_controller.o
LOAD ./Core/Src/heaterController.o
LOAD ./Core/Src/main.o
LOAD ./Core/Src/stm32f1xx_hal_msp.o
LOAD ./Core/Src/stm32f1xx_it.o
LOAD ./Core/Src/syscalls.o
LOAD ./Core/Src/sysmem.o
LOAD ./Core/Src/system_stm32f1xx.o
LOAD ./Core/Src/utils.o
LOAD ./Core/Startup/startup_stm32f103c8tx.o
LOAD ./Drivers/STM32F1xx_HAL_Driver/Src/stm32f1xx_hal.o
LOAD ./Drivers/STM32F1xx_HAL_Driver/Src/stm32f1xx_hal_cortex.o
LOAD ./Drivers/STM32F1xx_HAL_Driver/Src/stm32f1xx_hal_dma.o
LOAD ./Drivers/STM32F1xx_HAL_Driver/Src/stm32f1xx_hal_exti.o
LOAD ./Drivers/STM32F1xx_HAL_Driver/Src/stm32f1xx_hal_flash.o
LOAD ./Drivers/STM32F1xx_HAL_Driver/Src/stm32f1xx_hal_flash_ex.o
LOAD ./Drivers/STM32F1xx_HAL_Driver/Src/stm32f1xx_hal_gpio.o
LOAD ./Drivers/STM32F1xx_HAL_Driver/Src/stm32f1xx_hal_gpio_ex.o
LOAD ./Drivers/STM32F1xx_HAL_Driver/Src/stm32f1xx_hal_i2c.o
LOAD ./Drivers/STM32F1xx_HAL_Driver/Src/stm32f1xx_hal_pwr.o
LOAD ./Drivers/STM32F1xx_HAL_Driver/Src/stm32f1xx_hal_rcc.o
LOAD ./Drivers/STM32F1xx_HAL_Driver/Src/stm32f1xx_hal_rcc_ex.o
LOAD ./Drivers/STM32F1xx_HAL_Driver/Src/stm32f1xx_hal_tim.o
LOAD ./Drivers/STM32F1xx_HAL_Driver/Src/stm32f1xx_hal_tim_ex.o
LOAD ./Drivers/STM32F1xx_HAL_Driver/Src/stm32f1xx_hal_uart.o
START GROUP
LOAD C:/ST/STM32CubeIDE_1.15.0/STM32CubeIDE/plugins/com.st.stm32cube.ide.mcu.externaltools.gnu-tools-for-stm32.12.3.rel1.win32_1.0.100.202403111256/tools/bin/../lib/gcc/arm-none-eabi/12.3.1/../../../../arm-none-eabi/lib/thumb/v7-m/nofp\libc_nano.a
LOAD C:/ST/STM32CubeIDE_1.15.0/STM32CubeIDE/plugins/com.st.stm32cube.ide.mcu.externaltools.gnu-tools-for-stm32.12.3.rel1.win32_1.0.100.202403111256/tools/bin/../lib/gcc/arm-none-eabi/12.3.1/../../../../arm-none-eabi/lib/thumb/v7-m/nofp\libm.a
END GROUP
START GROUP
LOAD C:/ST/STM32CubeIDE_1.15.0/STM32CubeIDE/plugins/com.st.stm32cube.ide.mcu.externaltools.gnu-tools-for-stm32.12.3.rel1.win32_1.0.100.202403111256/tools/bin/../lib/gcc/arm-none-eabi/12.3.1/thumb/v7-m/nofp\libgcc.a
LOAD C:/ST/STM32CubeIDE_1.15.0/STM32CubeIDE/plugins/com.st.stm32cube.ide.mcu.externaltools.gnu-tools-for-stm32.12.3.rel1.win32_1.0.100.202403111256/tools/bin/../lib/gcc/arm-none-eabi/12.3.1/../../../../arm-none-eabi/lib/thumb/v7-m/nofp\libc_nano.a
END GROUP
START GROUP
LOAD C:/ST/STM32CubeIDE_1.15.0/STM32CubeIDE/plugins/com.st.stm32cube.ide.mcu.externaltools.gnu-tools-for-stm32.12.3.rel1.win32_1.0.100.202403111256/tools/bin/../lib/gcc/arm-none-eabi/12.3.1/thumb/v7-m/nofp\libgcc.a
LOAD C:/ST/STM32CubeIDE_1.15.0/STM32CubeIDE/plugins/com.st.stm32cube.ide.mcu.externaltools.gnu-tools-for-stm32.12.3.rel1.win32_1.0.100.202403111256/tools/bin/../lib/gcc/arm-none-eabi/12.3.1/../../../../arm-none-eabi/lib/thumb/v7-m/nofp\libc_nano.a
LOAD C:/ST/STM32CubeIDE_1.15.0/STM32CubeIDE/plugins/com.st.stm32cube.ide.mcu.externaltools.gnu-tools-for-stm32.12.3.rel1.win32_1.0.100.202403111256/tools/bin/../lib/gcc/arm-none-eabi/12.3.1/../../../../arm-none-eabi/lib/thumb/v7-m/nofp\libnosys.a
END GROUP
START GROUP
LOAD C:/ST/STM32CubeIDE_1.15.0/STM32CubeIDE/plugins/com.st.stm32cube.ide.mcu.externaltools.gnu-tools-for-stm32.12.3.rel1.win32_1.0.100.202403111256/tools/bin/../lib/gcc/arm-none-eabi/12.3.1/thumb/v7-m/nofp\libgcc.a
LOAD C:/ST/STM32CubeIDE_1.15.0/STM32CubeIDE/plugins/com.st.stm32cube.ide.mcu.externaltools.gnu-tools-for-stm32.12.3.rel1.win32_1.0.100.202403111256/tools/bin/../lib/gcc/arm-none-eabi/12.3.1/../../../../arm-none-eabi/lib/thumb/v7-m/nofp\libc_nano.a
LOAD C:/ST/STM32CubeIDE_1.15.0/STM32CubeIDE/plugins/com.st.stm32cube.ide.mcu.externaltools.gnu-tools-for-stm32.12.3.rel1.win32_1.0.100.202403111256/tools/bin/../lib/gcc/arm-none-eabi/12.3.1/../../../../arm-none-eabi/lib/thumb/v7-m/nofp\libnosys.a
END GROUP
LOAD C:/ST/STM32CubeIDE_1.15.0/STM32CubeIDE/plugins/com.st.stm32cube.ide.mcu.externaltools.gnu-tools-for-stm32.12.3.rel1.win32_1.0.100.202403111256/tools/bin/../lib/gcc/arm-none-eabi/12.3.1/thumb/v7-m/nofp/crtend.o
LOAD C:/ST/STM32CubeIDE_1.15.0/STM32CubeIDE/plugins/com.st.stm32cube.ide.mcu.externaltools.gnu-tools-for-stm32.12.3.rel1.win32_1.0.100.202403111256/tools/bin/../lib/gcc/arm-none-eabi/12.3.1/thumb/v7-m/nofp/crtn.o
                0x20005000                        _estack = (ORIGIN (RAM) + LENGTH (RAM))
                0x00000200                        _Min_Heap_Size = 0x200
                0x00000400                        _Min_Stack_Size = 0x400

.isr_vector     0x08000000      0x10c
                0x08000000                        . = ALIGN (0x4)
 *(.isr_vector)
 .isr_vector    0x08000000      0x10c ./Core/Startup/startup_stm32f103c8tx.o
                0x08000000                g_pfnVectors
                0x0800010c                        . = ALIGN (0x4)

.text           0x0800010c     0x468c
                0x0800010c                        . = ALIGN (0x4)
 *(.text)
 .text          0x0800010c       0x40 C:/ST/STM32CubeIDE_1.15.0/STM32CubeIDE/plugins/com.st.stm32cube.ide.mcu.externaltools.gnu-tools-for-stm32.12.3.rel1.win32_1.0.100.202403111256/tools/bin/../lib/gcc/arm-none-eabi/12.3.1/thumb/v7-m/nofp/crtbegin.o
 .text          0x0800014c      0x168 C:/ST/STM32CubeIDE_1.15.0/STM32CubeIDE/plugins/com.st.stm32cube.ide.mcu.externaltools.gnu-tools-for-stm32.12.3.rel1.win32_1.0.100.202403111256/tools/bin/../lib/gcc/arm-none-eabi/12.3.1/thumb/v7-m/nofp\libgcc.a(_arm_mulsf3.o)
                0x0800014c                __aeabi_fmul
                0x0800014c                __mulsf3
 .text          0x080002b4      0x21c C:/ST/STM32CubeIDE_1.15.0/STM32CubeIDE/plugins/com.st.stm32cube.ide.mcu.externaltools.gnu-tools-for-stm32.12.3.rel1.win32_1.0.100.202403111256/tools/bin/../lib/gcc/arm-none-eabi/12.3.1/thumb/v7-m/nofp\libgcc.a(_arm_addsubsf3.o)
                0x080002b4                __aeabi_frsub
                0x080002bc                __subsf3
                0x080002bc                __aeabi_fsub
                0x080002c0                __aeabi_fadd
                0x080002c0                __addsf3
                0x08000420                __aeabi_ui2f
                0x08000420                __floatunsisf
                0x08000428                __aeabi_i2f
                0x08000428                __floatsisf
                0x08000444                __aeabi_ul2f
                0x08000444                __floatundisf
                0x08000454                __aeabi_l2f
                0x08000454                __floatdisf
 .text          0x080004d0       0xec C:/ST/STM32CubeIDE_1.15.0/STM32CubeIDE/plugins/com.st.stm32cube.ide.mcu.externaltools.gnu-tools-for-stm32.12.3.rel1.win32_1.0.100.202403111256/tools/bin/../lib/gcc/arm-none-eabi/12.3.1/thumb/v7-m/nofp\libgcc.a(_arm_cmpsf2.o)
                0x080004d0                __gesf2
                0x080004d0                __gtsf2
                0x080004d8                __lesf2
                0x080004d8                __ltsf2
                0x080004e0                __nesf2
                0x080004e0                __eqsf2
                0x080004e0                __cmpsf2
                0x08000540                __aeabi_cfrcmple
                0x08000548                __aeabi_cfcmpeq
                0x08000548                __aeabi_cfcmple
                0x08000558                __aeabi_fcmpeq
                0x0800056c                __aeabi_fcmplt
                0x08000580                __aeabi_fcmple
                0x08000594                __aeabi_fcmpge
                0x080005a8                __aeabi_fcmpgt
 .text          0x080005bc       0x4c C:/ST/STM32CubeIDE_1.15.0/STM32CubeIDE/plugins/com.st.stm32cube.ide.mcu.externaltools.gnu-tools-for-stm32.12.3.rel1.win32_1.0.100.202403111256/tools/bin/../lib/gcc/arm-none-eabi/12.3.1/thumb/v7-m/nofp\libgcc.a(_arm_fixsfsi.o)
                0x080005bc                __aeabi_f2iz
                0x080005bc                __fixsfsi
 *(.text*)
 .text.isTemperSensorInit
                0x08000608       0x14 ./Core/Lib/Src/ds18b20.o
                0x08000608                isTemperSensorInit
 .text.isBusy   0x0800061c        0xe ./Core/Lib/Src/ds18b20.o
                0x0800061c                isBusy
 *fill*         0x0800062a        0x2 
 .text.isConverting
                0x0800062c       0x14 ./Core/Lib/Src/ds18b20.o
                0x0800062c                isConverting
 .text.Ds18b20_Init_Simple
                0x08000640       0x88 ./Core/Lib/Src/ds18b20.o
                0x08000640                Ds18b20_Init_Simple
 .text.Ds18b20_Init
                0x080006c8      0x100 ./Core/Lib/Src/ds18b20.o
                0x080006c8                Ds18b20_Init
 .text.checkConverting
                0x080007c8       0x28 ./Core/Lib/Src/ds18b20.o
                0x080007c8                checkConverting
 .text.getTemper
                0x080007f0       0x30 ./Core/Lib/Src/ds18b20.o
                0x080007f0                getTemper
 .text.Ds18b20_ManualConvert
                0x08000820       0xe4 ./Core/Lib/Src/ds18b20.o
                0x08000820                Ds18b20_ManualConvert
 .text.StartConverting
                0x08000904       0x24 ./Core/Lib/Src/ds18b20.o
                0x08000904                StartConverting
 .text.DS18B20_StartAll
                0x08000928       0x26 ./Core/Lib/Src/ds18b20.o
                0x08000928                DS18B20_StartAll
 *fill*         0x0800094e        0x2 
 .text.DS18B20_Read
                0x08000950      0x1e4 ./Core/Lib/Src/ds18b20.o
                0x08000950                DS18B20_Read
 .text.DS18B20_SetResolution
                0x08000b34      0x110 ./Core/Lib/Src/ds18b20.o
                0x08000b34                DS18B20_SetResolution
 .text.DS18B20_Is
                0x08000c44       0x20 ./Core/Lib/Src/ds18b20.o
                0x08000c44                DS18B20_Is
 .text.DS18B20_DisableAlarmTemperature
                0x08000c64       0xb6 ./Core/Lib/Src/ds18b20.o
                0x08000c64                DS18B20_DisableAlarmTemperature
 .text.DS18B20_AllDone
                0x08000d1a       0x18 ./Core/Lib/Src/ds18b20.o
                0x08000d1a                DS18B20_AllDone
 *fill*         0x08000d32        0x2 
 .text.getCurrentTemper
                0x08000d34       0x14 ./Core/Lib/Src/ds18b20.o
                0x08000d34                getCurrentTemper
 .text.isBusyLine
                0x08000d48       0x14 ./Core/Lib/Src/onewire.o
                0x08000d48                isBusyLine
 .text.ONEWIRE_DELAY
                0x08000d5c       0x30 ./Core/Lib/Src/onewire.o
                0x08000d5c                ONEWIRE_DELAY
 .text.ONEWIRE_LOW
                0x08000d8c       0x20 ./Core/Lib/Src/onewire.o
                0x08000d8c                ONEWIRE_LOW
 .text.ONEWIRE_HIGH
                0x08000dac       0x1c ./Core/Lib/Src/onewire.o
                0x08000dac                ONEWIRE_HIGH
 .text.ONEWIRE_INPUT
                0x08000dc8       0x32 ./Core/Lib/Src/onewire.o
                0x08000dc8                ONEWIRE_INPUT
 .text.ONEWIRE_OUTPUT
                0x08000dfa       0x32 ./Core/Lib/Src/onewire.o
                0x08000dfa                ONEWIRE_OUTPUT
 .text.OneWire_Init
                0x08000e2c       0x68 ./Core/Lib/Src/onewire.o
                0x08000e2c                OneWire_Init
 .text.OneWire_Reset
                0x08000e94       0x64 ./Core/Lib/Src/onewire.o
                0x08000e94                OneWire_Reset
 .text.OneWire_WriteBit
                0x08000ef8       0xb8 ./Core/Lib/Src/onewire.o
                0x08000ef8                OneWire_WriteBit
 .text.OneWire_ReadBit
                0x08000fb0       0x84 ./Core/Lib/Src/onewire.o
                0x08000fb0                OneWire_ReadBit
 .text.OneWire_WriteByte
                0x08001034       0x3c ./Core/Lib/Src/onewire.o
                0x08001034                OneWire_WriteByte
 .text.OneWire_ReadByte
                0x08001070       0x42 ./Core/Lib/Src/onewire.o
                0x08001070                OneWire_ReadByte
 .text.OneWire_First
                0x080010b2       0x20 ./Core/Lib/Src/onewire.o
                0x080010b2                OneWire_First
 .text.OneWire_Next
                0x080010d2       0x1a ./Core/Lib/Src/onewire.o
                0x080010d2                OneWire_Next
 .text.OneWire_ResetSearch
                0x080010ec       0x24 ./Core/Lib/Src/onewire.o
                0x080010ec                OneWire_ResetSearch
 .text.OneWire_Search
                0x08001110      0x18c ./Core/Lib/Src/onewire.o
                0x08001110                OneWire_Search
 .text.OneWire_SelectWithPointer
                0x0800129c       0x3e ./Core/Lib/Src/onewire.o
                0x0800129c                OneWire_SelectWithPointer
 .text.OneWire_GetFullROM
                0x080012da       0x38 ./Core/Lib/Src/onewire.o
                0x080012da                OneWire_GetFullROM
 .text.OneWire_CRC8
                0x08001312       0x6e ./Core/Lib/Src/onewire.o
                0x08001312                OneWire_CRC8
 .text.SSD1306_Init
                0x08001380      0x188 ./Core/Lib/Src/ssd1306.o
                0x08001380                SSD1306_Init
 .text.SSD1306_UpdateScreen
                0x08001508       0x5c ./Core/Lib/Src/ssd1306.o
                0x08001508                SSD1306_UpdateScreen
 .text.SSD1306_Fill
                0x08001564       0x30 ./Core/Lib/Src/ssd1306.o
                0x08001564                SSD1306_Fill
 .text.ssd1306_I2C_Init
                0x08001594       0x28 ./Core/Lib/Src/ssd1306.o
                0x08001594                ssd1306_I2C_Init
 .text.ssd1306_I2C_WriteMulti
                0x080015bc       0xcc ./Core/Lib/Src/ssd1306.o
                0x080015bc                ssd1306_I2C_WriteMulti
 .text.ssd1306_I2C_Write
                0x08001688       0x3c ./Core/Lib/Src/ssd1306.o
                0x08001688                ssd1306_I2C_Write
 .text.init_fnd
                0x080016c4       0xc0 ./Core/Src/fnd_controller.o
                0x080016c4                init_fnd
 .text.send     0x08001784       0x6c ./Core/Src/fnd_controller.o
                0x08001784                send
 .text.send_port
                0x080017f0       0x44 ./Core/Src/fnd_controller.o
                0x080017f0                send_port
 .text.digit4_temper
                0x08001834      0x178 ./Core/Src/fnd_controller.o
                0x08001834                digit4_temper
 .text.heaterControll
                0x080019ac       0x2c ./Core/Src/heaterController.o
                0x080019ac                heaterControll
 .text.getHeaterState
                0x080019d8       0x14 ./Core/Src/heaterController.o
                0x080019d8                getHeaterState
 .text.main     0x080019ec       0xc4 ./Core/Src/main.o
                0x080019ec                main
 .text.SystemClock_Config
                0x08001ab0       0x8a ./Core/Src/main.o
                0x08001ab0                SystemClock_Config
 *fill*         0x08001b3a        0x2 
 .text.MX_I2C2_Init
                0x08001b3c       0x5c ./Core/Src/main.o
 .text.MX_TIM2_Init
                0x08001b98       0x98 ./Core/Src/main.o
 .text.MX_TIM3_Init
                0x08001c30       0x98 ./Core/Src/main.o
 .text.MX_USART1_UART_Init
                0x08001cc8       0x54 ./Core/Src/main.o
 .text.MX_GPIO_Init
                0x08001d1c      0x1c0 ./Core/Src/main.o
 .text.Error_Handler
                0x08001edc        0xc ./Core/Src/main.o
                0x08001edc                Error_Handler
 .text.HAL_MspInit
                0x08001ee8       0x64 ./Core/Src/stm32f1xx_hal_msp.o
                0x08001ee8                HAL_MspInit
 .text.HAL_I2C_MspInit
                0x08001f4c       0x80 ./Core/Src/stm32f1xx_hal_msp.o
                0x08001f4c                HAL_I2C_MspInit
 .text.HAL_TIM_Base_MspInit
                0x08001fcc       0x80 ./Core/Src/stm32f1xx_hal_msp.o
                0x08001fcc                HAL_TIM_Base_MspInit
 .text.HAL_UART_MspInit
                0x0800204c       0x98 ./Core/Src/stm32f1xx_hal_msp.o
                0x0800204c                HAL_UART_MspInit
 .text.NMI_Handler
                0x080020e4        0x8 ./Core/Src/stm32f1xx_it.o
                0x080020e4                NMI_Handler
 .text.HardFault_Handler
                0x080020ec        0x8 ./Core/Src/stm32f1xx_it.o
                0x080020ec                HardFault_Handler
 .text.MemManage_Handler
                0x080020f4        0x8 ./Core/Src/stm32f1xx_it.o
                0x080020f4                MemManage_Handler
 .text.BusFault_Handler
                0x080020fc        0x8 ./Core/Src/stm32f1xx_it.o
                0x080020fc                BusFault_Handler
 .text.UsageFault_Handler
                0x08002104        0x8 ./Core/Src/stm32f1xx_it.o
                0x08002104                UsageFault_Handler
 .text.SVC_Handler
                0x0800210c        0xc ./Core/Src/stm32f1xx_it.o
                0x0800210c                SVC_Handler
 .text.DebugMon_Handler
                0x08002118        0xc ./Core/Src/stm32f1xx_it.o
                0x08002118                DebugMon_Handler
 .text.PendSV_Handler
                0x08002124        0xc ./Core/Src/stm32f1xx_it.o
                0x08002124                PendSV_Handler
 .text.SysTick_Handler
                0x08002130        0xc ./Core/Src/stm32f1xx_it.o
                0x08002130                SysTick_Handler
 .text.EXTI0_IRQHandler
                0x0800213c       0x18 ./Core/Src/stm32f1xx_it.o
                0x0800213c                EXTI0_IRQHandler
 .text.EXTI1_IRQHandler
                0x08002154       0x18 ./Core/Src/stm32f1xx_it.o
                0x08002154                EXTI1_IRQHandler
 .text.EXTI2_IRQHandler
                0x0800216c       0x18 ./Core/Src/stm32f1xx_it.o
                0x0800216c                EXTI2_IRQHandler
 .text.TIM2_IRQHandler
                0x08002184       0x20 ./Core/Src/stm32f1xx_it.o
                0x08002184                TIM2_IRQHandler
 .text.TIM3_IRQHandler
                0x080021a4       0x44 ./Core/Src/stm32f1xx_it.o
                0x080021a4                TIM3_IRQHandler
 .text.EXTI15_10_IRQHandler
                0x080021e8       0x1c ./Core/Src/stm32f1xx_it.o
                0x080021e8                EXTI15_10_IRQHandler
 .text.SystemInit
                0x08002204        0xc ./Core/Src/system_stm32f1xx.o
                0x08002204                SystemInit
 .text.Reset_Handler
                0x08002210       0x48 ./Core/Startup/startup_stm32f103c8tx.o
                0x08002210                Reset_Handler
 .text.Default_Handler
                0x08002258        0x2 ./Core/Startup/startup_stm32f103c8tx.o
                0x08002258                RTC_Alarm_IRQHandler
                0x08002258                TIM1_CC_IRQHandler
                0x08002258                PVD_IRQHandler
                0x08002258                EXTI3_IRQHandler
                0x08002258                I2C2_EV_IRQHandler
                0x08002258                ADC1_2_IRQHandler
                0x08002258                SPI1_IRQHandler
                0x08002258                TAMPER_IRQHandler
                0x08002258                DMA1_Channel4_IRQHandler
                0x08002258                USART3_IRQHandler
                0x08002258                RTC_IRQHandler
                0x08002258                DMA1_Channel7_IRQHandler
                0x08002258                CAN1_RX1_IRQHandler
                0x08002258                TIM4_IRQHandler
                0x08002258                I2C1_EV_IRQHandler
                0x08002258                DMA1_Channel6_IRQHandler
                0x08002258                RCC_IRQHandler
                0x08002258                TIM1_TRG_COM_IRQHandler
                0x08002258                DMA1_Channel1_IRQHandler
                0x08002258                Default_Handler
                0x08002258                EXTI9_5_IRQHandler
                0x08002258                SPI2_IRQHandler
                0x08002258                DMA1_Channel5_IRQHandler
                0x08002258                EXTI4_IRQHandler
                0x08002258                USB_LP_CAN1_RX0_IRQHandler
                0x08002258                USB_HP_CAN1_TX_IRQHandler
                0x08002258                DMA1_Channel3_IRQHandler
                0x08002258                TIM1_UP_IRQHandler
                0x08002258                WWDG_IRQHandler
                0x08002258                TIM1_BRK_IRQHandler
                0x08002258                USART2_IRQHandler
                0x08002258                I2C2_ER_IRQHandler
                0x08002258                DMA1_Channel2_IRQHandler
                0x08002258                CAN1_SCE_IRQHandler
                0x08002258                FLASH_IRQHandler
                0x08002258                USART1_IRQHandler
                0x08002258                I2C1_ER_IRQHandler
                0x08002258                USBWakeUp_IRQHandler
 *fill*         0x0800225a        0x2 
 .text.HAL_Init
                0x0800225c       0x2c ./Drivers/STM32F1xx_HAL_Driver/Src/stm32f1xx_hal.o
                0x0800225c                HAL_Init
 .text.HAL_InitTick
                0x08002288       0x60 ./Drivers/STM32F1xx_HAL_Driver/Src/stm32f1xx_hal.o
                0x08002288                HAL_InitTick
 .text.HAL_IncTick
                0x080022e8       0x24 ./Drivers/STM32F1xx_HAL_Driver/Src/stm32f1xx_hal.o
                0x080022e8                HAL_IncTick
 .text.HAL_GetTick
                0x0800230c       0x14 ./Drivers/STM32F1xx_HAL_Driver/Src/stm32f1xx_hal.o
                0x0800230c                HAL_GetTick
 .text.HAL_Delay
                0x08002320       0x48 ./Drivers/STM32F1xx_HAL_Driver/Src/stm32f1xx_hal.o
                0x08002320                HAL_Delay
 .text.__NVIC_SetPriorityGrouping
                0x08002368       0x48 ./Drivers/STM32F1xx_HAL_Driver/Src/stm32f1xx_hal_cortex.o
 .text.__NVIC_GetPriorityGrouping
                0x080023b0       0x1c ./Drivers/STM32F1xx_HAL_Driver/Src/stm32f1xx_hal_cortex.o
 .text.__NVIC_EnableIRQ
                0x080023cc       0x38 ./Drivers/STM32F1xx_HAL_Driver/Src/stm32f1xx_hal_cortex.o
 .text.__NVIC_SetPriority
                0x08002404       0x54 ./Drivers/STM32F1xx_HAL_Driver/Src/stm32f1xx_hal_cortex.o
 .text.NVIC_EncodePriority
                0x08002458       0x64 ./Drivers/STM32F1xx_HAL_Driver/Src/stm32f1xx_hal_cortex.o
 .text.SysTick_Config
                0x080024bc       0x44 ./Drivers/STM32F1xx_HAL_Driver/Src/stm32f1xx_hal_cortex.o
 .text.HAL_NVIC_SetPriorityGrouping
                0x08002500       0x16 ./Drivers/STM32F1xx_HAL_Driver/Src/stm32f1xx_hal_cortex.o
                0x08002500                HAL_NVIC_SetPriorityGrouping
 .text.HAL_NVIC_SetPriority
                0x08002516       0x38 ./Drivers/STM32F1xx_HAL_Driver/Src/stm32f1xx_hal_cortex.o
                0x08002516                HAL_NVIC_SetPriority
 .text.HAL_NVIC_EnableIRQ
                0x0800254e       0x1c ./Drivers/STM32F1xx_HAL_Driver/Src/stm32f1xx_hal_cortex.o
                0x0800254e                HAL_NVIC_EnableIRQ
 .text.HAL_SYSTICK_Config
                0x0800256a       0x18 ./Drivers/STM32F1xx_HAL_Driver/Src/stm32f1xx_hal_cortex.o
                0x0800256a                HAL_SYSTICK_Config
 *fill*         0x08002582        0x2 
 .text.HAL_GPIO_Init
                0x08002584      0x308 ./Drivers/STM32F1xx_HAL_Driver/Src/stm32f1xx_hal_gpio.o
                0x08002584                HAL_GPIO_Init
 .text.HAL_GPIO_ReadPin
                0x0800288c       0x2e ./Drivers/STM32F1xx_HAL_Driver/Src/stm32f1xx_hal_gpio.o
                0x0800288c                HAL_GPIO_ReadPin
 .text.HAL_GPIO_WritePin
                0x080028ba       0x30 ./Drivers/STM32F1xx_HAL_Driver/Src/stm32f1xx_hal_gpio.o
                0x080028ba                HAL_GPIO_WritePin
 *fill*         0x080028ea        0x2 
 .text.HAL_GPIO_EXTI_IRQHandler
                0x080028ec       0x30 ./Drivers/STM32F1xx_HAL_Driver/Src/stm32f1xx_hal_gpio.o
                0x080028ec                HAL_GPIO_EXTI_IRQHandler
 .text.HAL_GPIO_EXTI_Callback
                0x0800291c       0x14 ./Drivers/STM32F1xx_HAL_Driver/Src/stm32f1xx_hal_gpio.o
                0x0800291c                HAL_GPIO_EXTI_Callback
 .text.HAL_I2C_Init
                0x08002930      0x288 ./Drivers/STM32F1xx_HAL_Driver/Src/stm32f1xx_hal_i2c.o
                0x08002930                HAL_I2C_Init
 .text.HAL_I2C_Master_Transmit
                0x08002bb8      0x1fc ./Drivers/STM32F1xx_HAL_Driver/Src/stm32f1xx_hal_i2c.o
                0x08002bb8                HAL_I2C_Master_Transmit
 .text.HAL_I2C_IsDeviceReady
                0x08002db4      0x25c ./Drivers/STM32F1xx_HAL_Driver/Src/stm32f1xx_hal_i2c.o
                0x08002db4                HAL_I2C_IsDeviceReady
 .text.I2C_MasterRequestWrite
                0x08003010      0x104 ./Drivers/STM32F1xx_HAL_Driver/Src/stm32f1xx_hal_i2c.o
 .text.I2C_WaitOnFlagUntilTimeout
                0x08003114       0xf4 ./Drivers/STM32F1xx_HAL_Driver/Src/stm32f1xx_hal_i2c.o
 .text.I2C_WaitOnMasterAddressFlagUntilTimeout
                0x08003208      0x140 ./Drivers/STM32F1xx_HAL_Driver/Src/stm32f1xx_hal_i2c.o
 .text.I2C_WaitOnTXEFlagUntilTimeout
                0x08003348       0x90 ./Drivers/STM32F1xx_HAL_Driver/Src/stm32f1xx_hal_i2c.o
 .text.I2C_WaitOnBTFFlagUntilTimeout
                0x080033d8       0x90 ./Drivers/STM32F1xx_HAL_Driver/Src/stm32f1xx_hal_i2c.o
 .text.I2C_IsAcknowledgeFailed
                0x08003468       0x5c ./Drivers/STM32F1xx_HAL_Driver/Src/stm32f1xx_hal_i2c.o
 .text.HAL_RCC_OscConfig
                0x080034c4      0x504 ./Drivers/STM32F1xx_HAL_Driver/Src/stm32f1xx_hal_rcc.o
                0x080034c4                HAL_RCC_OscConfig
 .text.HAL_RCC_ClockConfig
                0x080039c8      0x1d4 ./Drivers/STM32F1xx_HAL_Driver/Src/stm32f1xx_hal_rcc.o
                0x080039c8                HAL_RCC_ClockConfig
 .text.HAL_RCC_GetSysClockFreq
                0x08003b9c       0xa8 ./Drivers/STM32F1xx_HAL_Driver/Src/stm32f1xx_hal_rcc.o
                0x08003b9c                HAL_RCC_GetSysClockFreq
 .text.HAL_RCC_GetHCLKFreq
                0x08003c44       0x14 ./Drivers/STM32F1xx_HAL_Driver/Src/stm32f1xx_hal_rcc.o
                0x08003c44                HAL_RCC_GetHCLKFreq
 .text.HAL_RCC_GetPCLK1Freq
                0x08003c58       0x28 ./Drivers/STM32F1xx_HAL_Driver/Src/stm32f1xx_hal_rcc.o
                0x08003c58                HAL_RCC_GetPCLK1Freq
 .text.HAL_RCC_GetPCLK2Freq
                0x08003c80       0x28 ./Drivers/STM32F1xx_HAL_Driver/Src/stm32f1xx_hal_rcc.o
                0x08003c80                HAL_RCC_GetPCLK2Freq
 .text.RCC_Delay
                0x08003ca8       0x3c ./Drivers/STM32F1xx_HAL_Driver/Src/stm32f1xx_hal_rcc.o
 .text.HAL_TIM_Base_Init
                0x08003ce4       0x9e ./Drivers/STM32F1xx_HAL_Driver/Src/stm32f1xx_hal_tim.o
                0x08003ce4                HAL_TIM_Base_Init
 *fill*         0x08003d82        0x2 
 .text.HAL_TIM_Base_Start
                0x08003d84       0x94 ./Drivers/STM32F1xx_HAL_Driver/Src/stm32f1xx_hal_tim.o
                0x08003d84                HAL_TIM_Base_Start
 .text.HAL_TIM_Base_Start_IT
                0x08003e18       0xa4 ./Drivers/STM32F1xx_HAL_Driver/Src/stm32f1xx_hal_tim.o
                0x08003e18                HAL_TIM_Base_Start_IT
 .text.HAL_TIM_IRQHandler
                0x08003ebc      0x1e0 ./Drivers/STM32F1xx_HAL_Driver/Src/stm32f1xx_hal_tim.o
                0x08003ebc                HAL_TIM_IRQHandler
 .text.HAL_TIM_ConfigClockSource
                0x0800409c      0x18e ./Drivers/STM32F1xx_HAL_Driver/Src/stm32f1xx_hal_tim.o
                0x0800409c                HAL_TIM_ConfigClockSource
 .text.HAL_TIM_PeriodElapsedCallback
                0x0800422a       0x12 ./Drivers/STM32F1xx_HAL_Driver/Src/stm32f1xx_hal_tim.o
                0x0800422a                HAL_TIM_PeriodElapsedCallback
 .text.HAL_TIM_OC_DelayElapsedCallback
                0x0800423c       0x12 ./Drivers/STM32F1xx_HAL_Driver/Src/stm32f1xx_hal_tim.o
                0x0800423c                HAL_TIM_OC_DelayElapsedCallback
 .text.HAL_TIM_IC_CaptureCallback
                0x0800424e       0x12 ./Drivers/STM32F1xx_HAL_Driver/Src/stm32f1xx_hal_tim.o
                0x0800424e                HAL_TIM_IC_CaptureCallback
 .text.HAL_TIM_PWM_PulseFinishedCallback
                0x08004260       0x12 ./Drivers/STM32F1xx_HAL_Driver/Src/stm32f1xx_hal_tim.o
                0x08004260                HAL_TIM_PWM_PulseFinishedCallback
 .text.HAL_TIM_TriggerCallback
                0x08004272       0x12 ./Drivers/STM32F1xx_HAL_Driver/Src/stm32f1xx_hal_tim.o
                0x08004272                HAL_TIM_TriggerCallback
 .text.TIM_Base_SetConfig
                0x08004284       0xdc ./Drivers/STM32F1xx_HAL_Driver/Src/stm32f1xx_hal_tim.o
                0x08004284                TIM_Base_SetConfig
 .text.TIM_TI1_ConfigInputStage
                0x08004360       0x5c ./Drivers/STM32F1xx_HAL_Driver/Src/stm32f1xx_hal_tim.o
 .text.TIM_TI2_ConfigInputStage
                0x080043bc       0x5e ./Drivers/STM32F1xx_HAL_Driver/Src/stm32f1xx_hal_tim.o
 .text.TIM_ITRx_SetConfig
                0x0800441a       0x34 ./Drivers/STM32F1xx_HAL_Driver/Src/stm32f1xx_hal_tim.o
 .text.TIM_ETR_SetConfig
                0x0800444e       0x3e ./Drivers/STM32F1xx_HAL_Driver/Src/stm32f1xx_hal_tim.o
                0x0800444e                TIM_ETR_SetConfig
 .text.HAL_TIMEx_MasterConfigSynchronization
                0x0800448c       0xbc ./Drivers/STM32F1xx_HAL_Driver/Src/stm32f1xx_hal_tim_ex.o
                0x0800448c                HAL_TIMEx_MasterConfigSynchronization
 .text.HAL_TIMEx_CommutCallback
                0x08004548       0x12 ./Drivers/STM32F1xx_HAL_Driver/Src/stm32f1xx_hal_tim_ex.o
                0x08004548                HAL_TIMEx_CommutCallback
 .text.HAL_TIMEx_BreakCallback
                0x0800455a       0x12 ./Drivers/STM32F1xx_HAL_Driver/Src/stm32f1xx_hal_tim_ex.o
                0x0800455a                HAL_TIMEx_BreakCallback
 .text.HAL_UART_Init
                0x0800456c       0xa0 ./Drivers/STM32F1xx_HAL_Driver/Src/stm32f1xx_hal_uart.o
                0x0800456c                HAL_UART_Init
 .text.UART_SetConfig
                0x0800460c      0x11c ./Drivers/STM32F1xx_HAL_Driver/Src/stm32f1xx_hal_uart.o
 .text.memset   0x08004728       0x10 C:/ST/STM32CubeIDE_1.15.0/STM32CubeIDE/plugins/com.st.stm32cube.ide.mcu.externaltools.gnu-tools-for-stm32.12.3.rel1.win32_1.0.100.202403111256/tools/bin/../lib/gcc/arm-none-eabi/12.3.1/../../../../arm-none-eabi/lib/thumb/v7-m/nofp\libc_nano.a(libc_a-memset.o)
                0x08004728                memset
 .text.__libc_init_array
                0x08004738       0x48 C:/ST/STM32CubeIDE_1.15.0/STM32CubeIDE/plugins/com.st.stm32cube.ide.mcu.externaltools.gnu-tools-for-stm32.12.3.rel1.win32_1.0.100.202403111256/tools/bin/../lib/gcc/arm-none-eabi/12.3.1/../../../../arm-none-eabi/lib/thumb/v7-m/nofp\libc_nano.a(libc_a-init.o)
                0x08004738                __libc_init_array
 *(.glue_7)
 .glue_7        0x08004780        0x0 linker stubs
 *(.glue_7t)
 .glue_7t       0x08004780        0x0 linker stubs
 *(.eh_frame)
 .eh_frame      0x08004780        0x0 C:/ST/STM32CubeIDE_1.15.0/STM32CubeIDE/plugins/com.st.stm32cube.ide.mcu.externaltools.gnu-tools-for-stm32.12.3.rel1.win32_1.0.100.202403111256/tools/bin/../lib/gcc/arm-none-eabi/12.3.1/thumb/v7-m/nofp/crtbegin.o
 *(.init)
 .init          0x08004780        0x4 C:/ST/STM32CubeIDE_1.15.0/STM32CubeIDE/plugins/com.st.stm32cube.ide.mcu.externaltools.gnu-tools-for-stm32.12.3.rel1.win32_1.0.100.202403111256/tools/bin/../lib/gcc/arm-none-eabi/12.3.1/thumb/v7-m/nofp/crti.o
                0x08004780                _init
 .init          0x08004784        0x8 C:/ST/STM32CubeIDE_1.15.0/STM32CubeIDE/plugins/com.st.stm32cube.ide.mcu.externaltools.gnu-tools-for-stm32.12.3.rel1.win32_1.0.100.202403111256/tools/bin/../lib/gcc/arm-none-eabi/12.3.1/thumb/v7-m/nofp/crtn.o
 *(.fini)
 .fini          0x0800478c        0x4 C:/ST/STM32CubeIDE_1.15.0/STM32CubeIDE/plugins/com.st.stm32cube.ide.mcu.externaltools.gnu-tools-for-stm32.12.3.rel1.win32_1.0.100.202403111256/tools/bin/../lib/gcc/arm-none-eabi/12.3.1/thumb/v7-m/nofp/crti.o
                0x0800478c                _fini
 .fini          0x08004790        0x8 C:/ST/STM32CubeIDE_1.15.0/STM32CubeIDE/plugins/com.st.stm32cube.ide.mcu.externaltools.gnu-tools-for-stm32.12.3.rel1.win32_1.0.100.202403111256/tools/bin/../lib/gcc/arm-none-eabi/12.3.1/thumb/v7-m/nofp/crtn.o
                0x08004798                        . = ALIGN (0x4)
                0x08004798                        _etext = .

.vfp11_veneer   0x08004798        0x0
 .vfp11_veneer  0x08004798        0x0 linker stubs

.v4_bx          0x08004798        0x0
 .v4_bx         0x08004798        0x0 linker stubs

.iplt           0x08004798        0x0
 .iplt          0x08004798        0x0 C:/ST/STM32CubeIDE_1.15.0/STM32CubeIDE/plugins/com.st.stm32cube.ide.mcu.externaltools.gnu-tools-for-stm32.12.3.rel1.win32_1.0.100.202403111256/tools/bin/../lib/gcc/arm-none-eabi/12.3.1/thumb/v7-m/nofp/crtbegin.o

.rodata         0x08004798       0x2c
                0x08004798                        . = ALIGN (0x4)
 *(.rodata)
 *(.rodata*)
 .rodata.AHBPrescTable
                0x08004798       0x10 ./Core/Src/system_stm32f1xx.o
                0x08004798                AHBPrescTable
 .rodata.APBPrescTable
                0x080047a8        0x8 ./Core/Src/system_stm32f1xx.o
                0x080047a8                APBPrescTable
 .rodata.aPLLMULFactorTable.1
                0x080047b0       0x10 ./Drivers/STM32F1xx_HAL_Driver/Src/stm32f1xx_hal_rcc.o
 .rodata.aPredivFactorTable.0
                0x080047c0        0x2 ./Drivers/STM32F1xx_HAL_Driver/Src/stm32f1xx_hal_rcc.o
                0x080047c4                        . = ALIGN (0x4)
 *fill*         0x080047c2        0x2 

.ARM.extab      0x080047c4        0x0
                0x080047c4                        . = ALIGN (0x4)
 *(.ARM.extab* .gnu.linkonce.armextab.*)
                0x080047c4                        . = ALIGN (0x4)

.ARM            0x080047c4        0x0
                0x080047c4                        . = ALIGN (0x4)
                0x080047c4                        __exidx_start = .
 *(.ARM.exidx*)
                0x080047c4                        __exidx_end = .
                0x080047c4                        . = ALIGN (0x4)

.preinit_array  0x080047c4        0x0
                0x080047c4                        . = ALIGN (0x4)
                0x080047c4                        PROVIDE (__preinit_array_start = .)
 *(.preinit_array*)
                0x080047c4                        PROVIDE (__preinit_array_end = .)
                0x080047c4                        . = ALIGN (0x4)

.init_array     0x080047c4        0x4
                0x080047c4                        . = ALIGN (0x4)
                0x080047c4                        PROVIDE (__init_array_start = .)
 *(SORT_BY_NAME(.init_array.*))
 *(.init_array*)
 .init_array    0x080047c4        0x4 C:/ST/STM32CubeIDE_1.15.0/STM32CubeIDE/plugins/com.st.stm32cube.ide.mcu.externaltools.gnu-tools-for-stm32.12.3.rel1.win32_1.0.100.202403111256/tools/bin/../lib/gcc/arm-none-eabi/12.3.1/thumb/v7-m/nofp/crtbegin.o
                0x080047c8                        PROVIDE (__init_array_end = .)
                0x080047c8                        . = ALIGN (0x4)

.fini_array     0x080047c8        0x4
                0x080047c8                        . = ALIGN (0x4)
                [!provide]                        PROVIDE (__fini_array_start = .)
 *(SORT_BY_NAME(.fini_array.*))
 *(.fini_array*)
 .fini_array    0x080047c8        0x4 C:/ST/STM32CubeIDE_1.15.0/STM32CubeIDE/plugins/com.st.stm32cube.ide.mcu.externaltools.gnu-tools-for-stm32.12.3.rel1.win32_1.0.100.202403111256/tools/bin/../lib/gcc/arm-none-eabi/12.3.1/thumb/v7-m/nofp/crtbegin.o
                [!provide]                        PROVIDE (__fini_array_end = .)
                0x080047cc                        . = ALIGN (0x4)
                0x080047cc                        _sidata = LOADADDR (.data)

.rel.dyn        0x080047cc        0x0
 .rel.iplt      0x080047cc        0x0 C:/ST/STM32CubeIDE_1.15.0/STM32CubeIDE/plugins/com.st.stm32cube.ide.mcu.externaltools.gnu-tools-for-stm32.12.3.rel1.win32_1.0.100.202403111256/tools/bin/../lib/gcc/arm-none-eabi/12.3.1/thumb/v7-m/nofp/crtbegin.o

.data           0x20000000        0xc load address 0x080047cc
                0x20000000                        . = ALIGN (0x4)
                0x20000000                        _sdata = .
 *(.data)
 *(.data*)
 .data.SystemCoreClock
                0x20000000        0x4 ./Core/Src/system_stm32f1xx.o
                0x20000000                SystemCoreClock
 .data.uwTickPrio
                0x20000004        0x4 ./Drivers/STM32F1xx_HAL_Driver/Src/stm32f1xx_hal.o
                0x20000004                uwTickPrio
 .data.uwTickFreq
                0x20000008        0x1 ./Drivers/STM32F1xx_HAL_Driver/Src/stm32f1xx_hal.o
                0x20000008                uwTickFreq
 *(.RamFunc)
 *(.RamFunc*)
                0x2000000c                        . = ALIGN (0x4)
 *fill*         0x20000009        0x3 
                0x2000000c                        _edata = .

.igot.plt       0x2000000c        0x0 load address 0x080047d8
 .igot.plt      0x2000000c        0x0 C:/ST/STM32CubeIDE_1.15.0/STM32CubeIDE/plugins/com.st.stm32cube.ide.mcu.externaltools.gnu-tools-for-stm32.12.3.rel1.win32_1.0.100.202403111256/tools/bin/../lib/gcc/arm-none-eabi/12.3.1/thumb/v7-m/nofp/crtbegin.o
                0x2000000c                        . = ALIGN (0x4)

.bss            0x2000000c      0x5b8 load address 0x080047d8
                0x2000000c                        _sbss = .
                0x2000000c                        __bss_start__ = _sbss
 *(.bss)
 .bss           0x2000000c       0x1c C:/ST/STM32CubeIDE_1.15.0/STM32CubeIDE/plugins/com.st.stm32cube.ide.mcu.externaltools.gnu-tools-for-stm32.12.3.rel1.win32_1.0.100.202403111256/tools/bin/../lib/gcc/arm-none-eabi/12.3.1/thumb/v7-m/nofp/crtbegin.o
 *(.bss*)
 .bss.ds18b20   0x20000028       0x10 ./Core/Lib/Src/ds18b20.o
                0x20000028                ds18b20
 .bss.temperSensor
                0x20000038       0x10 ./Core/Lib/Src/ds18b20.o
                0x20000038                temperSensor
 .bss.OneWire   0x20000048       0x14 ./Core/Lib/Src/ds18b20.o
                0x20000048                OneWire
 .bss.OneWireDevices
                0x2000005c        0x1 ./Core/Lib/Src/ds18b20.o
                0x2000005c                OneWireDevices
 .bss.TempSensorCount
                0x2000005d        0x1 ./Core/Lib/Src/ds18b20.o
                0x2000005d                TempSensorCount
 .bss.Ds18b20Timeout
                0x2000005e        0x2 ./Core/Lib/Src/ds18b20.o
                0x2000005e                Ds18b20Timeout
 .bss.m_init    0x20000060        0x1 ./Core/Lib/Src/ds18b20.o
 .bss.m_busy    0x20000061        0x1 ./Core/Lib/Src/ds18b20.o
 .bss.m_isConverting
                0x20000062        0x1 ./Core/Lib/Src/ds18b20.o
 .bss.m_busy_line
                0x20000063        0x1 ./Core/Lib/Src/onewire.o
 .bss.SSD1306_Buffer
                0x20000064      0x400 ./Core/Lib/Src/ssd1306.o
 .bss.SSD1306   0x20000464        0x6 ./Core/Lib/Src/ssd1306.o
 *fill*         0x2000046a        0x2 
 .bss._LED_0F   0x2000046c       0x1d ./Core/Src/fnd_controller.o
                0x2000046c                _LED_0F
 .bss.m_tempercount
                0x20000489        0x1 ./Core/Src/fnd_controller.o
 .bss.m_state   0x2000048a        0x1 ./Core/Src/heaterController.o
 .bss.g_f_sw_up
                0x2000048b        0x1 ./Core/Src/main.o
                0x2000048b                g_f_sw_up
 .bss.g_f_sw_down
                0x2000048c        0x1 ./Core/Src/main.o
                0x2000048c                g_f_sw_down
 .bss.g_f_sw_fix
                0x2000048d        0x1 ./Core/Src/main.o
                0x2000048d                g_f_sw_fix
 .bss.g_f_sw_on
                0x2000048e        0x1 ./Core/Src/main.o
                0x2000048e                g_f_sw_on
 *fill*         0x2000048f        0x1 
 .bss.hi2c2     0x20000490       0x54 ./Core/Src/main.o
                0x20000490                hi2c2
 .bss.htim2     0x200004e4       0x48 ./Core/Src/main.o
                0x200004e4                htim2
 .bss.htim3     0x2000052c       0x48 ./Core/Src/main.o
                0x2000052c                htim3
 .bss.huart1    0x20000574       0x48 ./Core/Src/main.o
                0x20000574                huart1
 .bss.m_time    0x200005bc        0x4 ./Core/Src/stm32f1xx_it.o
 .bss.uwTick    0x200005c0        0x4 ./Drivers/STM32F1xx_HAL_Driver/Src/stm32f1xx_hal.o
                0x200005c0                uwTick
 *(COMMON)
                0x200005c4                        . = ALIGN (0x4)
                0x200005c4                        _ebss = .
                0x200005c4                        __bss_end__ = _ebss

._user_heap_stack
                0x200005c4      0x604 load address 0x080047d8
                0x200005c8                        . = ALIGN (0x8)
 *fill*         0x200005c4        0x4 
                [!provide]                        PROVIDE (end = .)
                0x200005c8                        PROVIDE (_end = .)
                0x200007c8                        . = (. + _Min_Heap_Size)
 *fill*         0x200005c8      0x200 
                0x20000bc8                        . = (. + _Min_Stack_Size)
 *fill*         0x200007c8      0x400 
                0x20000bc8                        . = ALIGN (0x8)

/DISCARD/
 libc.a(*)
 libm.a(*)
 libgcc.a(*)

.ARM.attributes
                0x00000000       0x29
 *(.ARM.attributes)
 .ARM.attributes
                0x00000000       0x1d C:/ST/STM32CubeIDE_1.15.0/STM32CubeIDE/plugins/com.st.stm32cube.ide.mcu.externaltools.gnu-tools-for-stm32.12.3.rel1.win32_1.0.100.202403111256/tools/bin/../lib/gcc/arm-none-eabi/12.3.1/thumb/v7-m/nofp/crti.o
 .ARM.attributes
                0x0000001d       0x2d C:/ST/STM32CubeIDE_1.15.0/STM32CubeIDE/plugins/com.st.stm32cube.ide.mcu.externaltools.gnu-tools-for-stm32.12.3.rel1.win32_1.0.100.202403111256/tools/bin/../lib/gcc/arm-none-eabi/12.3.1/thumb/v7-m/nofp/crtbegin.o
 .ARM.attributes
                0x0000004a       0x2d ./Core/Lib/Src/ds18b20.o
 .ARM.attributes
                0x00000077       0x2d ./Core/Lib/Src/onewire.o
 .ARM.attributes
                0x000000a4       0x2d ./Core/Lib/Src/ssd1306.o
 .ARM.attributes
                0x000000d1       0x2d ./Core/Src/fnd_controller.o
 .ARM.attributes
                0x000000fe       0x2d ./Core/Src/heaterController.o
 .ARM.attributes
                0x0000012b       0x2d ./Core/Src/main.o
 .ARM.attributes
                0x00000158       0x2d ./Core/Src/stm32f1xx_hal_msp.o
 .ARM.attributes
                0x00000185       0x2d ./Core/Src/stm32f1xx_it.o
 .ARM.attributes
                0x000001b2       0x2d ./Core/Src/system_stm32f1xx.o
 .ARM.attributes
                0x000001df       0x21 ./Core/Startup/startup_stm32f103c8tx.o
 .ARM.attributes
                0x00000200       0x2d ./Drivers/STM32F1xx_HAL_Driver/Src/stm32f1xx_hal.o
 .ARM.attributes
                0x0000022d       0x2d ./Drivers/STM32F1xx_HAL_Driver/Src/stm32f1xx_hal_cortex.o
 .ARM.attributes
                0x0000025a       0x2d ./Drivers/STM32F1xx_HAL_Driver/Src/stm32f1xx_hal_gpio.o
 .ARM.attributes
                0x00000287       0x2d ./Drivers/STM32F1xx_HAL_Driver/Src/stm32f1xx_hal_i2c.o
 .ARM.attributes
                0x000002b4       0x2d ./Drivers/STM32F1xx_HAL_Driver/Src/stm32f1xx_hal_rcc.o
 .ARM.attributes
                0x000002e1       0x2d ./Drivers/STM32F1xx_HAL_Driver/Src/stm32f1xx_hal_tim.o
 .ARM.attributes
                0x0000030e       0x2d ./Drivers/STM32F1xx_HAL_Driver/Src/stm32f1xx_hal_tim_ex.o
 .ARM.attributes
                0x0000033b       0x2d ./Drivers/STM32F1xx_HAL_Driver/Src/stm32f1xx_hal_uart.o
 .ARM.attributes
                0x00000368       0x2d C:/ST/STM32CubeIDE_1.15.0/STM32CubeIDE/plugins/com.st.stm32cube.ide.mcu.externaltools.gnu-tools-for-stm32.12.3.rel1.win32_1.0.100.202403111256/tools/bin/../lib/gcc/arm-none-eabi/12.3.1/../../../../arm-none-eabi/lib/thumb/v7-m/nofp\libc_nano.a(libc_a-memset.o)
 .ARM.attributes
                0x00000395       0x2d C:/ST/STM32CubeIDE_1.15.0/STM32CubeIDE/plugins/com.st.stm32cube.ide.mcu.externaltools.gnu-tools-for-stm32.12.3.rel1.win32_1.0.100.202403111256/tools/bin/../lib/gcc/arm-none-eabi/12.3.1/../../../../arm-none-eabi/lib/thumb/v7-m/nofp\libc_nano.a(libc_a-init.o)
 .ARM.attributes
                0x000003c2       0x1d C:/ST/STM32CubeIDE_1.15.0/STM32CubeIDE/plugins/com.st.stm32cube.ide.mcu.externaltools.gnu-tools-for-stm32.12.3.rel1.win32_1.0.100.202403111256/tools/bin/../lib/gcc/arm-none-eabi/12.3.1/thumb/v7-m/nofp\libgcc.a(_arm_mulsf3.o)
 .ARM.attributes
                0x000003df       0x1d C:/ST/STM32CubeIDE_1.15.0/STM32CubeIDE/plugins/com.st.stm32cube.ide.mcu.externaltools.gnu-tools-for-stm32.12.3.rel1.win32_1.0.100.202403111256/tools/bin/../lib/gcc/arm-none-eabi/12.3.1/thumb/v7-m/nofp\libgcc.a(_arm_addsubsf3.o)
 .ARM.attributes
                0x000003fc       0x1d C:/ST/STM32CubeIDE_1.15.0/STM32CubeIDE/plugins/com.st.stm32cube.ide.mcu.externaltools.gnu-tools-for-stm32.12.3.rel1.win32_1.0.100.202403111256/tools/bin/../lib/gcc/arm-none-eabi/12.3.1/thumb/v7-m/nofp\libgcc.a(_arm_cmpsf2.o)
 .ARM.attributes
                0x00000419       0x1d C:/ST/STM32CubeIDE_1.15.0/STM32CubeIDE/plugins/com.st.stm32cube.ide.mcu.externaltools.gnu-tools-for-stm32.12.3.rel1.win32_1.0.100.202403111256/tools/bin/../lib/gcc/arm-none-eabi/12.3.1/thumb/v7-m/nofp\libgcc.a(_arm_fixsfsi.o)
 .ARM.attributes
                0x00000436       0x1d C:/ST/STM32CubeIDE_1.15.0/STM32CubeIDE/plugins/com.st.stm32cube.ide.mcu.externaltools.gnu-tools-for-stm32.12.3.rel1.win32_1.0.100.202403111256/tools/bin/../lib/gcc/arm-none-eabi/12.3.1/thumb/v7-m/nofp/crtn.o
OUTPUT(two.elf elf32-littlearm)
LOAD linker stubs
LOAD C:/ST/STM32CubeIDE_1.15.0/STM32CubeIDE/plugins/com.st.stm32cube.ide.mcu.externaltools.gnu-tools-for-stm32.12.3.rel1.win32_1.0.100.202403111256/tools/bin/../lib/gcc/arm-none-eabi/12.3.1/../../../../arm-none-eabi/lib/thumb/v7-m/nofp\libc.a
LOAD C:/ST/STM32CubeIDE_1.15.0/STM32CubeIDE/plugins/com.st.stm32cube.ide.mcu.externaltools.gnu-tools-for-stm32.12.3.rel1.win32_1.0.100.202403111256/tools/bin/../lib/gcc/arm-none-eabi/12.3.1/../../../../arm-none-eabi/lib/thumb/v7-m/nofp\libm.a
LOAD C:/ST/STM32CubeIDE_1.15.0/STM32CubeIDE/plugins/com.st.stm32cube.ide.mcu.externaltools.gnu-tools-for-stm32.12.3.rel1.win32_1.0.100.202403111256/tools/bin/../lib/gcc/arm-none-eabi/12.3.1/thumb/v7-m/nofp\libgcc.a

.debug_info     0x00000000    0x10e03
 .debug_info    0x00000000      0x921 ./Core/Lib/Src/ds18b20.o
 .debug_info    0x00000921      0xdcb ./Core/Lib/Src/onewire.o
 .debug_info    0x000016ec     0x1028 ./Core/Lib/Src/ssd1306.o
 .debug_info    0x00002714      0x41f ./Core/Src/fnd_controller.o
 .debug_info    0x00002b33      0x1c4 ./Core/Src/heaterController.o
 .debug_info    0x00002cf7     0x1573 ./Core/Src/main.o
 .debug_info    0x0000426a     0x106d ./Core/Src/stm32f1xx_hal_msp.o
 .debug_info    0x000052d7      0x7ca ./Core/Src/stm32f1xx_it.o
 .debug_info    0x00005aa1      0x222 ./Core/Src/system_stm32f1xx.o
 .debug_info    0x00005cc3       0x30 ./Core/Startup/startup_stm32f103c8tx.o
 .debug_info    0x00005cf3      0x704 ./Drivers/STM32F1xx_HAL_Driver/Src/stm32f1xx_hal.o
 .debug_info    0x000063f7      0xa87 ./Drivers/STM32F1xx_HAL_Driver/Src/stm32f1xx_hal_cortex.o
 .debug_info    0x00006e7e      0x5ab ./Drivers/STM32F1xx_HAL_Driver/Src/stm32f1xx_hal_gpio.o
 .debug_info    0x00007429     0x2524 ./Drivers/STM32F1xx_HAL_Driver/Src/stm32f1xx_hal_i2c.o
 .debug_info    0x0000994d      0x7d5 ./Drivers/STM32F1xx_HAL_Driver/Src/stm32f1xx_hal_rcc.o
 .debug_info    0x0000a122     0x2959 ./Drivers/STM32F1xx_HAL_Driver/Src/stm32f1xx_hal_tim.o
 .debug_info    0x0000ca7b     0x149b ./Drivers/STM32F1xx_HAL_Driver/Src/stm32f1xx_hal_tim_ex.o
 .debug_info    0x0000df16     0x2eed ./Drivers/STM32F1xx_HAL_Driver/Src/stm32f1xx_hal_uart.o

.debug_abbrev   0x00000000     0x28de
 .debug_abbrev  0x00000000      0x360 ./Core/Lib/Src/ds18b20.o
 .debug_abbrev  0x00000360      0x313 ./Core/Lib/Src/onewire.o
 .debug_abbrev  0x00000673      0x30d ./Core/Lib/Src/ssd1306.o
 .debug_abbrev  0x00000980      0x170 ./Core/Src/fnd_controller.o
 .debug_abbrev  0x00000af0      0x11b ./Core/Src/heaterController.o
 .debug_abbrev  0x00000c0b      0x374 ./Core/Src/main.o
 .debug_abbrev  0x00000f7f      0x209 ./Core/Src/stm32f1xx_hal_msp.o
 .debug_abbrev  0x00001188      0x1e9 ./Core/Src/stm32f1xx_it.o
 .debug_abbrev  0x00001371      0x13f ./Core/Src/system_stm32f1xx.o
 .debug_abbrev  0x000014b0       0x24 ./Core/Startup/startup_stm32f103c8tx.o
 .debug_abbrev  0x000014d4      0x201 ./Drivers/STM32F1xx_HAL_Driver/Src/stm32f1xx_hal.o
 .debug_abbrev  0x000016d5      0x2f8 ./Drivers/STM32F1xx_HAL_Driver/Src/stm32f1xx_hal_cortex.o
 .debug_abbrev  0x000019cd      0x1ca ./Drivers/STM32F1xx_HAL_Driver/Src/stm32f1xx_hal_gpio.o
 .debug_abbrev  0x00001b97      0x2a3 ./Drivers/STM32F1xx_HAL_Driver/Src/stm32f1xx_hal_i2c.o
 .debug_abbrev  0x00001e3a      0x2b3 ./Drivers/STM32F1xx_HAL_Driver/Src/stm32f1xx_hal_rcc.o
 .debug_abbrev  0x000020ed      0x277 ./Drivers/STM32F1xx_HAL_Driver/Src/stm32f1xx_hal_tim.o
 .debug_abbrev  0x00002364      0x282 ./Drivers/STM32F1xx_HAL_Driver/Src/stm32f1xx_hal_tim_ex.o
 .debug_abbrev  0x000025e6      0x2f8 ./Drivers/STM32F1xx_HAL_Driver/Src/stm32f1xx_hal_uart.o

.debug_aranges  0x00000000     0x1168
 .debug_aranges
                0x00000000       0xc8 ./Core/Lib/Src/ds18b20.o
 .debug_aranges
                0x000000c8       0xd8 ./Core/Lib/Src/onewire.o
 .debug_aranges
                0x000001a0       0xf8 ./Core/Lib/Src/ssd1306.o
 .debug_aranges
                0x00000298       0x68 ./Core/Src/fnd_controller.o
 .debug_aranges
                0x00000300       0x28 ./Core/Src/heaterController.o
 .debug_aranges
                0x00000328       0x60 ./Core/Src/main.o
 .debug_aranges
                0x00000388       0x50 ./Core/Src/stm32f1xx_hal_msp.o
 .debug_aranges
                0x000003d8       0x90 ./Core/Src/stm32f1xx_it.o
 .debug_aranges
                0x00000468       0x28 ./Core/Src/system_stm32f1xx.o
 .debug_aranges
                0x00000490       0x28 ./Core/Startup/startup_stm32f103c8tx.o
 .debug_aranges
                0x000004b8       0xe0 ./Drivers/STM32F1xx_HAL_Driver/Src/stm32f1xx_hal.o
 .debug_aranges
                0x00000598      0x100 ./Drivers/STM32F1xx_HAL_Driver/Src/stm32f1xx_hal_cortex.o
 .debug_aranges
                0x00000698       0x58 ./Drivers/STM32F1xx_HAL_Driver/Src/stm32f1xx_hal_gpio.o
 .debug_aranges
                0x000006f0      0x2a8 ./Drivers/STM32F1xx_HAL_Driver/Src/stm32f1xx_hal_i2c.o
 .debug_aranges
                0x00000998       0x90 ./Drivers/STM32F1xx_HAL_Driver/Src/stm32f1xx_hal_rcc.o
 .debug_aranges
                0x00000a28      0x3d0 ./Drivers/STM32F1xx_HAL_Driver/Src/stm32f1xx_hal_tim.o
 .debug_aranges
                0x00000df8      0x168 ./Drivers/STM32F1xx_HAL_Driver/Src/stm32f1xx_hal_tim_ex.o
 .debug_aranges
                0x00000f60      0x208 ./Drivers/STM32F1xx_HAL_Driver/Src/stm32f1xx_hal_uart.o

.debug_rnglists
                0x00000000      0xdbe
 .debug_rnglists
                0x00000000       0x99 ./Core/Lib/Src/ds18b20.o
 .debug_rnglists
                0x00000099       0xa1 ./Core/Lib/Src/onewire.o
 .debug_rnglists
                0x0000013a       0xc2 ./Core/Lib/Src/ssd1306.o
 .debug_rnglists
                0x000001fc       0x4d ./Core/Src/fnd_controller.o
 .debug_rnglists
                0x00000249       0x19 ./Core/Src/heaterController.o
 .debug_rnglists
                0x00000262       0x48 ./Core/Src/main.o
 .debug_rnglists
                0x000002aa       0x3a ./Core/Src/stm32f1xx_hal_msp.o
 .debug_rnglists
                0x000002e4       0x67 ./Core/Src/stm32f1xx_it.o
 .debug_rnglists
                0x0000034b       0x1a ./Core/Src/system_stm32f1xx.o
 .debug_rnglists
                0x00000365       0x19 ./Core/Startup/startup_stm32f103c8tx.o
 .debug_rnglists
                0x0000037e       0xa3 ./Drivers/STM32F1xx_HAL_Driver/Src/stm32f1xx_hal.o
 .debug_rnglists
                0x00000421       0xbb ./Drivers/STM32F1xx_HAL_Driver/Src/stm32f1xx_hal_cortex.o
 .debug_rnglists
                0x000004dc       0x3f ./Drivers/STM32F1xx_HAL_Driver/Src/stm32f1xx_hal_gpio.o
 .debug_rnglists
                0x0000051b      0x23c ./Drivers/STM32F1xx_HAL_Driver/Src/stm32f1xx_hal_i2c.o
 .debug_rnglists
                0x00000757       0x6c ./Drivers/STM32F1xx_HAL_Driver/Src/stm32f1xx_hal_rcc.o
 .debug_rnglists
                0x000007c3      0x31a ./Drivers/STM32F1xx_HAL_Driver/Src/stm32f1xx_hal_tim.o
 .debug_rnglists
                0x00000add      0x125 ./Drivers/STM32F1xx_HAL_Driver/Src/stm32f1xx_hal_tim_ex.o
 .debug_rnglists
                0x00000c02      0x1bc ./Drivers/STM32F1xx_HAL_Driver/Src/stm32f1xx_hal_uart.o

.debug_macro    0x00000000    0x1811a
 .debug_macro   0x00000000      0x1ec ./Core/Lib/Src/ds18b20.o
 .debug_macro   0x000001ec      0xaa8 ./Core/Lib/Src/ds18b20.o
 .debug_macro   0x00000c94      0x221 ./Core/Lib/Src/ds18b20.o
 .debug_macro   0x00000eb5       0x2e ./Core/Lib/Src/ds18b20.o
 .debug_macro   0x00000ee3       0x22 ./Core/Lib/Src/ds18b20.o
 .debug_macro   0x00000f05       0x22 ./Core/Lib/Src/ds18b20.o
 .debug_macro   0x00000f27       0x8e ./Core/Lib/Src/ds18b20.o
 .debug_macro   0x00000fb5       0x51 ./Core/Lib/Src/ds18b20.o
 .debug_macro   0x00001006      0x103 ./Core/Lib/Src/ds18b20.o
 .debug_macro   0x00001109       0x6a ./Core/Lib/Src/ds18b20.o
 .debug_macro   0x00001173      0x1df ./Core/Lib/Src/ds18b20.o
 .debug_macro   0x00001352       0x1c ./Core/Lib/Src/ds18b20.o
 .debug_macro   0x0000136e       0x22 ./Core/Lib/Src/ds18b20.o
 .debug_macro   0x00001390       0xbd ./Core/Lib/Src/ds18b20.o
 .debug_macro   0x0000144d      0xd23 ./Core/Lib/Src/ds18b20.o
 .debug_macro   0x00002170     0xe09e ./Core/Lib/Src/ds18b20.o
 .debug_macro   0x0001020e       0x6d ./Core/Lib/Src/ds18b20.o
 .debug_macro   0x0001027b     0x34a2 ./Core/Lib/Src/ds18b20.o
 .debug_macro   0x0001371d      0x189 ./Core/Lib/Src/ds18b20.o
 .debug_macro   0x000138a6       0x5c ./Core/Lib/Src/ds18b20.o
 .debug_macro   0x00013902      0x5bc ./Core/Lib/Src/ds18b20.o
 .debug_macro   0x00013ebe      0x289 ./Core/Lib/Src/ds18b20.o
 .debug_macro   0x00014147      0x1cb ./Core/Lib/Src/ds18b20.o
 .debug_macro   0x00014312      0x114 ./Core/Lib/Src/ds18b20.o
 .debug_macro   0x00014426      0x1b2 ./Core/Lib/Src/ds18b20.o
 .debug_macro   0x000145d8       0x27 ./Core/Lib/Src/ds18b20.o
 .debug_macro   0x000145ff      0x136 ./Core/Lib/Src/ds18b20.o
 .debug_macro   0x00014735      0x1bc ./Core/Lib/Src/ds18b20.o
 .debug_macro   0x000148f1       0x34 ./Core/Lib/Src/ds18b20.o
 .debug_macro   0x00014925       0x3c ./Core/Lib/Src/ds18b20.o
 .debug_macro   0x00014961       0x57 ./Core/Lib/Src/ds18b20.o
 .debug_macro   0x000149b8       0x87 ./Core/Lib/Src/ds18b20.o
 .debug_macro   0x00014a3f      0x240 ./Core/Lib/Src/ds18b20.o
 .debug_macro   0x00014c7f      0x287 ./Core/Lib/Src/ds18b20.o
 .debug_macro   0x00014f06      0x140 ./Core/Lib/Src/ds18b20.o
 .debug_macro   0x00015046      0x8ed ./Core/Lib/Src/ds18b20.o
 .debug_macro   0x00015933      0x28e ./Core/Lib/Src/ds18b20.o
 .debug_macro   0x00015bc1       0x83 ./Core/Lib/Src/ds18b20.o
 .debug_macro   0x00015c44       0xc4 ./Core/Lib/Src/ds18b20.o
 .debug_macro   0x00015d08       0x40 ./Core/Lib/Src/ds18b20.o
 .debug_macro   0x00015d48       0x2e ./Core/Lib/Src/ds18b20.o
 .debug_macro   0x00015d76       0x22 ./Core/Lib/Src/ds18b20.o
 .debug_macro   0x00015d98       0x46 ./Core/Lib/Src/ds18b20.o
 .debug_macro   0x00015dde      0x1d4 ./Core/Lib/Src/onewire.o
 .debug_macro   0x00015fb2      0x310 ./Core/Lib/Src/ssd1306.o
 .debug_macro   0x000162c2       0x16 ./Core/Lib/Src/ssd1306.o
 .debug_macro   0x000162d8       0x16 ./Core/Lib/Src/ssd1306.o
 .debug_macro   0x000162ee       0x29 ./Core/Lib/Src/ssd1306.o
 .debug_macro   0x00016317       0x23 ./Core/Lib/Src/ssd1306.o
 .debug_macro   0x0001633a      0x1cb ./Core/Src/fnd_controller.o
 .debug_macro   0x00016505       0x1c ./Core/Src/fnd_controller.o
 .debug_macro   0x00016521      0x1c6 ./Core/Src/heaterController.o
 .debug_macro   0x000166e7      0x38e ./Core/Src/main.o
 .debug_macro   0x00016a75       0x16 ./Core/Src/main.o
 .debug_macro   0x00016a8b       0x10 ./Core/Src/main.o
 .debug_macro   0x00016a9b       0x16 ./Core/Src/main.o
 .debug_macro   0x00016ab1       0x16 ./Core/Src/main.o
 .debug_macro   0x00016ac7      0x146 ./Core/Src/main.o
 .debug_macro   0x00016c0d       0x46 ./Core/Src/main.o
 .debug_macro   0x00016c53       0x16 ./Core/Src/main.o
 .debug_macro   0x00016c69      0x1bc ./Core/Src/stm32f1xx_hal_msp.o
 .debug_macro   0x00016e25      0x2ef ./Core/Src/stm32f1xx_it.o
 .debug_macro   0x00017114      0x1ad ./Core/Src/system_stm32f1xx.o
 .debug_macro   0x000172c1      0x1d1 ./Drivers/STM32F1xx_HAL_Driver/Src/stm32f1xx_hal.o
 .debug_macro   0x00017492      0x1ad ./Drivers/STM32F1xx_HAL_Driver/Src/stm32f1xx_hal_cortex.o
 .debug_macro   0x0001763f      0x218 ./Drivers/STM32F1xx_HAL_Driver/Src/stm32f1xx_hal_gpio.o
 .debug_macro   0x00017857      0x1fb ./Drivers/STM32F1xx_HAL_Driver/Src/stm32f1xx_hal_i2c.o
 .debug_macro   0x00017a52      0x1bf ./Drivers/STM32F1xx_HAL_Driver/Src/stm32f1xx_hal_rcc.o
 .debug_macro   0x00017c11      0x1ae ./Drivers/STM32F1xx_HAL_Driver/Src/stm32f1xx_hal_tim.o
 .debug_macro   0x00017dbf      0x1ad ./Drivers/STM32F1xx_HAL_Driver/Src/stm32f1xx_hal_tim_ex.o
 .debug_macro   0x00017f6c      0x1ae ./Drivers/STM32F1xx_HAL_Driver/Src/stm32f1xx_hal_uart.o

.debug_line     0x00000000    0x14247
 .debug_line    0x00000000      0xc8f ./Core/Lib/Src/ds18b20.o
 .debug_line    0x00000c8f      0xce4 ./Core/Lib/Src/onewire.o
 .debug_line    0x00001973     0x108d ./Core/Lib/Src/ssd1306.o
 .debug_line    0x00002a00      0x950 ./Core/Src/fnd_controller.o
 .debug_line    0x00003350      0x747 ./Core/Src/heaterController.o
 .debug_line    0x00003a97      0xc35 ./Core/Src/main.o
 .debug_line    0x000046cc      0x817 ./Core/Src/stm32f1xx_hal_msp.o
 .debug_line    0x00004ee3      0xa9c ./Core/Src/stm32f1xx_it.o
 .debug_line    0x0000597f      0x79a ./Core/Src/system_stm32f1xx.o
 .debug_line    0x00006119       0x78 ./Core/Startup/startup_stm32f103c8tx.o
 .debug_line    0x00006191      0x9c7 ./Drivers/STM32F1xx_HAL_Driver/Src/stm32f1xx_hal.o
 .debug_line    0x00006b58      0xbb3 ./Drivers/STM32F1xx_HAL_Driver/Src/stm32f1xx_hal_cortex.o
 .debug_line    0x0000770b      0xa60 ./Drivers/STM32F1xx_HAL_Driver/Src/stm32f1xx_hal_gpio.o
 .debug_line    0x0000816b     0x3c64 ./Drivers/STM32F1xx_HAL_Driver/Src/stm32f1xx_hal_i2c.o
 .debug_line    0x0000bdcf      0xdd0 ./Drivers/STM32F1xx_HAL_Driver/Src/stm32f1xx_hal_rcc.o
 .debug_line    0x0000cb9f     0x34ec ./Drivers/STM32F1xx_HAL_Driver/Src/stm32f1xx_hal_tim.o
 .debug_line    0x0001008b     0x1916 ./Drivers/STM32F1xx_HAL_Driver/Src/stm32f1xx_hal_tim_ex.o
 .debug_line    0x000119a1     0x28a6 ./Drivers/STM32F1xx_HAL_Driver/Src/stm32f1xx_hal_uart.o

.debug_str      0x00000000    0x8da18
 .debug_str     0x00000000    0x857a1 ./Core/Lib/Src/ds18b20.o
                              0x85b1a (size before relaxing)
 .debug_str     0x000857a1      0x676 ./Core/Lib/Src/onewire.o
                              0x85d7c (size before relaxing)
 .debug_str     0x00085e17     0x3a3f ./Core/Lib/Src/ssd1306.o
                              0x88c26 (size before relaxing)
 .debug_str     0x00089856       0xe1 ./Core/Src/fnd_controller.o
                              0x8547f (size before relaxing)
 .debug_str     0x00089937       0x64 ./Core/Src/heaterController.o
                              0x853e9 (size before relaxing)
 .debug_str     0x0008999b      0xe8f ./Core/Src/main.o
                              0x8a190 (size before relaxing)
 .debug_str     0x0008a82a      0x105 ./Core/Src/stm32f1xx_hal_msp.o
                              0x860f7 (size before relaxing)
 .debug_str     0x0008a92f      0x164 ./Core/Src/stm32f1xx_it.o
                              0x8945a (size before relaxing)
 .debug_str     0x0008aa93       0x7e ./Core/Src/system_stm32f1xx.o
                              0x84ffd (size before relaxing)
 .debug_str     0x0008ab11       0x44 ./Core/Startup/startup_stm32f103c8tx.o
                                 0x7a (size before relaxing)
 .debug_str     0x0008ab55      0x378 ./Drivers/STM32F1xx_HAL_Driver/Src/stm32f1xx_hal.o
                              0x85730 (size before relaxing)
 .debug_str     0x0008aecd      0x294 ./Drivers/STM32F1xx_HAL_Driver/Src/stm32f1xx_hal_cortex.o
                              0x8567c (size before relaxing)
 .debug_str     0x0008b161      0x2a8 ./Drivers/STM32F1xx_HAL_Driver/Src/stm32f1xx_hal_gpio.o
                              0x85383 (size before relaxing)
 .debug_str     0x0008b409      0xba2 ./Drivers/STM32F1xx_HAL_Driver/Src/stm32f1xx_hal_i2c.o
                              0x860c4 (size before relaxing)
 .debug_str     0x0008bfab      0x209 ./Drivers/STM32F1xx_HAL_Driver/Src/stm32f1xx_hal_rcc.o
                              0x8542c (size before relaxing)
 .debug_str     0x0008c1b4      0xdc8 ./Drivers/STM32F1xx_HAL_Driver/Src/stm32f1xx_hal_tim.o
                              0x8642e (size before relaxing)
 .debug_str     0x0008cf7c      0x493 ./Drivers/STM32F1xx_HAL_Driver/Src/stm32f1xx_hal_tim_ex.o
                              0x85c3a (size before relaxing)
 .debug_str     0x0008d40f      0x609 ./Drivers/STM32F1xx_HAL_Driver/Src/stm32f1xx_hal_uart.o
                              0x85a9d (size before relaxing)

.comment        0x00000000       0x43
 .comment       0x00000000       0x43 ./Core/Lib/Src/ds18b20.o
                                 0x44 (size before relaxing)
 .comment       0x00000043       0x44 ./Core/Lib/Src/onewire.o
 .comment       0x00000043       0x44 ./Core/Lib/Src/ssd1306.o
 .comment       0x00000043       0x44 ./Core/Src/fnd_controller.o
 .comment       0x00000043       0x44 ./Core/Src/heaterController.o
 .comment       0x00000043       0x44 ./Core/Src/main.o
 .comment       0x00000043       0x44 ./Core/Src/stm32f1xx_hal_msp.o
 .comment       0x00000043       0x44 ./Core/Src/stm32f1xx_it.o
 .comment       0x00000043       0x44 ./Core/Src/system_stm32f1xx.o
 .comment       0x00000043       0x44 ./Drivers/STM32F1xx_HAL_Driver/Src/stm32f1xx_hal.o
 .comment       0x00000043       0x44 ./Drivers/STM32F1xx_HAL_Driver/Src/stm32f1xx_hal_cortex.o
 .comment       0x00000043       0x44 ./Drivers/STM32F1xx_HAL_Driver/Src/stm32f1xx_hal_gpio.o
 .comment       0x00000043       0x44 ./Drivers/STM32F1xx_HAL_Driver/Src/stm32f1xx_hal_i2c.o
 .comment       0x00000043       0x44 ./Drivers/STM32F1xx_HAL_Driver/Src/stm32f1xx_hal_rcc.o
 .comment       0x00000043       0x44 ./Drivers/STM32F1xx_HAL_Driver/Src/stm32f1xx_hal_tim.o
 .comment       0x00000043       0x44 ./Drivers/STM32F1xx_HAL_Driver/Src/stm32f1xx_hal_tim_ex.o
 .comment       0x00000043       0x44 ./Drivers/STM32F1xx_HAL_Driver/Src/stm32f1xx_hal_uart.o

.debug_frame    0x00000000     0x4acc
 .debug_frame   0x00000000      0x2f8 ./Core/Lib/Src/ds18b20.o
 .debug_frame   0x000002f8      0x390 ./Core/Lib/Src/onewire.o
 .debug_frame   0x00000688      0x414 ./Core/Lib/Src/ssd1306.o
 .debug_frame   0x00000a9c      0x174 ./Core/Src/fnd_controller.o
 .debug_frame   0x00000c10       0x54 ./Core/Src/heaterController.o
 .debug_frame   0x00000c64      0x134 ./Core/Src/main.o
 .debug_frame   0x00000d98      0x110 ./Core/Src/stm32f1xx_hal_msp.o
 .debug_frame   0x00000ea8      0x1ac ./Core/Src/stm32f1xx_it.o
 .debug_frame   0x00001054       0x58 ./Core/Src/system_stm32f1xx.o
 .debug_frame   0x000010ac      0x334 ./Drivers/STM32F1xx_HAL_Driver/Src/stm32f1xx_hal.o
 .debug_frame   0x000013e0      0x428 ./Drivers/STM32F1xx_HAL_Driver/Src/stm32f1xx_hal_cortex.o
 .debug_frame   0x00001808      0x14c ./Drivers/STM32F1xx_HAL_Driver/Src/stm32f1xx_hal_gpio.o
 .debug_frame   0x00001954      0xc84 ./Drivers/STM32F1xx_HAL_Driver/Src/stm32f1xx_hal_i2c.o
 .debug_frame   0x000025d8      0x218 ./Drivers/STM32F1xx_HAL_Driver/Src/stm32f1xx_hal_rcc.o
 .debug_frame   0x000027f0     0x11b8 ./Drivers/STM32F1xx_HAL_Driver/Src/stm32f1xx_hal_tim.o
 .debug_frame   0x000039a8      0x638 ./Drivers/STM32F1xx_HAL_Driver/Src/stm32f1xx_hal_tim_ex.o
 .debug_frame   0x00003fe0      0x944 ./Drivers/STM32F1xx_HAL_Driver/Src/stm32f1xx_hal_uart.o
 .debug_frame   0x00004924       0x20 C:/ST/STM32CubeIDE_1.15.0/STM32CubeIDE/plugins/com.st.stm32cube.ide.mcu.externaltools.gnu-tools-for-stm32.12.3.rel1.win32_1.0.100.202403111256/tools/bin/../lib/gcc/arm-none-eabi/12.3.1/../../../../arm-none-eabi/lib/thumb/v7-m/nofp\libc_nano.a(libc_a-memset.o)
 .debug_frame   0x00004944       0x2c C:/ST/STM32CubeIDE_1.15.0/STM32CubeIDE/plugins/com.st.stm32cube.ide.mcu.externaltools.gnu-tools-for-stm32.12.3.rel1.win32_1.0.100.202403111256/tools/bin/../lib/gcc/arm-none-eabi/12.3.1/../../../../arm-none-eabi/lib/thumb/v7-m/nofp\libc_nano.a(libc_a-init.o)
 .debug_frame   0x00004970       0x24 C:/ST/STM32CubeIDE_1.15.0/STM32CubeIDE/plugins/com.st.stm32cube.ide.mcu.externaltools.gnu-tools-for-stm32.12.3.rel1.win32_1.0.100.202403111256/tools/bin/../lib/gcc/arm-none-eabi/12.3.1/thumb/v7-m/nofp\libgcc.a(_arm_mulsf3.o)
 .debug_frame   0x00004994       0x4c C:/ST/STM32CubeIDE_1.15.0/STM32CubeIDE/plugins/com.st.stm32cube.ide.mcu.externaltools.gnu-tools-for-stm32.12.3.rel1.win32_1.0.100.202403111256/tools/bin/../lib/gcc/arm-none-eabi/12.3.1/thumb/v7-m/nofp\libgcc.a(_arm_addsubsf3.o)
 .debug_frame   0x000049e0       0xc8 C:/ST/STM32CubeIDE_1.15.0/STM32CubeIDE/plugins/com.st.stm32cube.ide.mcu.externaltools.gnu-tools-for-stm32.12.3.rel1.win32_1.0.100.202403111256/tools/bin/../lib/gcc/arm-none-eabi/12.3.1/thumb/v7-m/nofp\libgcc.a(_arm_cmpsf2.o)
 .debug_frame   0x00004aa8       0x24 C:/ST/STM32CubeIDE_1.15.0/STM32CubeIDE/plugins/com.st.stm32cube.ide.mcu.externaltools.gnu-tools-for-stm32.12.3.rel1.win32_1.0.100.202403111256/tools/bin/../lib/gcc/arm-none-eabi/12.3.1/thumb/v7-m/nofp\libgcc.a(_arm_fixsfsi.o)

.debug_line_str
                0x00000000       0x5e
 .debug_line_str
                0x00000000       0x5e ./Core/Startup/startup_stm32f103c8tx.o
