../Core/Src/main.c:71:5:_write	24	static
../Core/Src/main.c:106:5:main	16	static
../Core/Src/main.c:419:6:SystemClock_Config	72	static
../Core/Src/main.c:459:13:MX_I2C2_Init	8	static
../Core/Src/main.c:493:13:MX_SPI2_Init	8	static
../Core/Src/main.c:531:13:MX_TIM2_Init	32	static
../Core/Src/main.c:576:13:MX_TIM3_Init	32	static
../Core/Src/main.c:621:13:MX_USART1_UART_Init	8	static
../Core/Src/main.c:654:13:MX_GPIO_Init	40	static
../Core/Src/main.c:750:6:Error_Handler	4	static,ignoring_inline_asm
