../Core/Src/stm32f1xx_it.c:82:6:NMI_Handler	4	static
../Core/Src/stm32f1xx_it.c:97:6:HardFault_Handler	4	static
../Core/Src/stm32f1xx_it.c:112:6:MemManage_Handler	4	static
../Core/Src/stm32f1xx_it.c:127:6:BusFault_Handler	4	static
../Core/Src/stm32f1xx_it.c:142:6:UsageFault_Handler	4	static
../Core/Src/stm32f1xx_it.c:157:6:SVC_Handler	4	static
../Core/Src/stm32f1xx_it.c:170:6:DebugMon_Handler	4	static
../Core/Src/stm32f1xx_it.c:183:6:PendSV_Handler	4	static
../Core/Src/stm32f1xx_it.c:196:6:SysTick_Handler	8	static
../Core/Src/stm32f1xx_it.c:217:6:EXTI0_IRQHandler	8	static
../Core/Src/stm32f1xx_it.c:233:6:EXTI1_IRQHandler	8	static
../Core/Src/stm32f1xx_it.c:247:6:EXTI2_IRQHandler	8	static
../Core/Src/stm32f1xx_it.c:261:6:TIM2_IRQHandler	8	static
../Core/Src/stm32f1xx_it.c:284:6:TIM3_IRQHandler	8	static
../Core/Src/stm32f1xx_it.c:302:6:EXTI15_10_IRQHandler	8	static
