../Core/Lib/Src/ds18b20.c:33:9:isTemperSensorInit	4	static
../Core/Lib/Src/ds18b20.c:37:9:isBusy	4	static
../Core/Lib/Src/ds18b20.c:41:9:isConverting	4	static
../Core/Lib/Src/ds18b20.c:45:6:Ds18b20_Init_Simple	8	static
../Core/Lib/Src/ds18b20.c:71:6:Ds18b20_Init	16	static
../Core/Lib/Src/ds18b20.c:106:6:Startconverting	8	static
../Core/Lib/Src/ds18b20.c:115:6:checkConverting	8	static
../Core/Lib/Src/ds18b20.c:121:7:getTemper	8	static
../Core/Lib/Src/ds18b20.c:128:6:Ds18b20_ManualConvert	24	static
../Core/Lib/Src/ds18b20.c:237:9:DS18B20_Start	16	static
../Core/Lib/Src/ds18b20.c:256:6:StartConverting	8	static
../Core/Lib/Src/ds18b20.c:262:6:DS18B20_StartAll	16	static
../Core/Lib/Src/ds18b20.c:272:6:DS18B20_Read	56	static
../Core/Lib/Src/ds18b20.c:377:9:DS18B20_GetResolution	24	static
../Core/Lib/Src/ds18b20.c:404:9:DS18B20_SetResolution	32	static
../Core/Lib/Src/ds18b20.c:469:9:DS18B20_Is	16	static
../Core/Lib/Src/ds18b20.c:478:9:DS18B20_SetAlarmLowTemperature	32	static
../Core/Lib/Src/ds18b20.c:529:9:DS18B20_SetAlarmHighTemperature	32	static
../Core/Lib/Src/ds18b20.c:580:9:DS18B20_DisableAlarmTemperature	24	static
../Core/Lib/Src/ds18b20.c:626:9:DS18B20_AlarmSearch	16	static
../Core/Lib/Src/ds18b20.c:632:9:DS18B20_AllDone	16	static
../Core/Lib/Src/ds18b20.c:639:7:getCurrentTemper	4	static
