../Core/Lib/Src/ds18b20.c:37:9:isBusy	4	static
../Core/Lib/Src/ds18b20.c:41:9:isConverting	4	static
../Core/Lib/Src/ds18b20.c:46:6:Ds18b20_Init	16	static
../Core/Lib/Src/ds18b20.c:81:6:Startconverting	8	static
../Core/Lib/Src/ds18b20.c:90:6:checkConverting	8	static
../Core/Lib/Src/ds18b20.c:98:6:Ds18b20_ManualConvert	24	static
../Core/Lib/Src/ds18b20.c:207:9:DS18B20_Start	16	static
../Core/Lib/Src/ds18b20.c:226:6:StartConverting	8	static
../Core/Lib/Src/ds18b20.c:232:6:DS18B20_StartAll	16	static
../Core/Lib/Src/ds18b20.c:242:6:DS18B20_Read	56	static
../Core/Lib/Src/ds18b20.c:347:9:DS18B20_GetResolution	24	static
../Core/Lib/Src/ds18b20.c:374:9:DS18B20_SetResolution	32	static
../Core/Lib/Src/ds18b20.c:439:9:DS18B20_Is	16	static
../Core/Lib/Src/ds18b20.c:448:9:DS18B20_SetAlarmLowTemperature	32	static
../Core/Lib/Src/ds18b20.c:499:9:DS18B20_SetAlarmHighTemperature	32	static
../Core/Lib/Src/ds18b20.c:550:9:DS18B20_DisableAlarmTemperature	24	static
../Core/Lib/Src/ds18b20.c:596:9:DS18B20_AlarmSearch	16	static
../Core/Lib/Src/ds18b20.c:602:9:DS18B20_AllDone	16	static
../Core/Lib/Src/ds18b20.c:609:7:getCurrentTemper	4	static
