../Core/Lib/Src/ds18b20.c:33:9:isTemperSensorInit	4	static
../Core/Lib/Src/ds18b20.c:37:9:isBusy	8	static
../Core/Lib/Src/ds18b20.c:42:9:isConverting	4	static
../Core/Lib/Src/ds18b20.c:46:6:Ds18b20_Init_Simple	8	static
../Core/Lib/Src/ds18b20.c:72:6:Ds18b20_Init	16	static
../Core/Lib/Src/ds18b20.c:107:6:Startconverting	8	static
../Core/Lib/Src/ds18b20.c:116:6:checkConverting	8	static
../Core/Lib/Src/ds18b20.c:122:7:getTemper	8	static
../Core/Lib/Src/ds18b20.c:129:6:Ds18b20_ManualConvert	24	static
../Core/Lib/Src/ds18b20.c:238:9:DS18B20_Start	16	static
../Core/Lib/Src/ds18b20.c:257:6:StartConverting	8	static
../Core/Lib/Src/ds18b20.c:263:6:DS18B20_StartAll	16	static
../Core/Lib/Src/ds18b20.c:273:6:DS18B20_Read	56	static
../Core/Lib/Src/ds18b20.c:378:9:DS18B20_GetResolution	24	static
../Core/Lib/Src/ds18b20.c:405:9:DS18B20_SetResolution	32	static
../Core/Lib/Src/ds18b20.c:470:9:DS18B20_Is	16	static
../Core/Lib/Src/ds18b20.c:479:9:DS18B20_SetAlarmLowTemperature	32	static
../Core/Lib/Src/ds18b20.c:530:9:DS18B20_SetAlarmHighTemperature	32	static
../Core/Lib/Src/ds18b20.c:581:9:DS18B20_DisableAlarmTemperature	24	static
../Core/Lib/Src/ds18b20.c:627:9:DS18B20_AlarmSearch	16	static
../Core/Lib/Src/ds18b20.c:633:9:DS18B20_AllDone	16	static
../Core/Lib/Src/ds18b20.c:640:7:getCurrentTemper	4	static
