../Core/Lib/Src/onewire.c:24:9:isBusyLine	4	static
../Core/Lib/Src/onewire.c:28:6:ONEWIRE_DELAY	16	static
../Core/Lib/Src/onewire.c:33:6:ONEWIRE_LOW	16	static
../Core/Lib/Src/onewire.c:37:6:ONEWIRE_HIGH	16	static
../Core/Lib/Src/onewire.c:41:6:ONEWIRE_INPUT	32	static
../Core/Lib/Src/onewire.c:50:6:ONEWIRE_OUTPUT	32	static
../Core/Lib/Src/onewire.c:60:6:OneWire_Init	24	static
../Core/Lib/Src/onewire.c:76:16:OneWire_Reset	24	static
../Core/Lib/Src/onewire.c:98:13:OneWire_WriteBit	16	static
../Core/Lib/Src/onewire.c:145:16:OneWire_ReadBit	24	static
../Core/Lib/Src/onewire.c:178:6:OneWire_WriteByte	24	static
../Core/Lib/Src/onewire.c:188:9:OneWire_ReadByte	24	static
../Core/Lib/Src/onewire.c:198:9:OneWire_First	16	static
../Core/Lib/Src/onewire.c:206:9:OneWire_Next	16	static
../Core/Lib/Src/onewire.c:211:6:OneWire_ResetSearch	16	static
../Core/Lib/Src/onewire.c:218:9:OneWire_Search	24	static
../Core/Lib/Src/onewire.c:331:5:OneWire_Verify	48	static
../Core/Lib/Src/onewire.c:371:6:OneWire_TargetSetup	24	static
../Core/Lib/Src/onewire.c:385:6:OneWire_FamilySkipSetup	16	static
../Core/Lib/Src/onewire.c:396:9:OneWire_GetROM	16	static
../Core/Lib/Src/onewire.c:400:6:OneWire_Select	24	static
../Core/Lib/Src/onewire.c:409:6:OneWire_SelectWithPointer	24	static
../Core/Lib/Src/onewire.c:418:6:OneWire_GetFullROM	24	static
../Core/Lib/Src/onewire.c:425:9:OneWire_CRC8	24	static
